===== Job info =====
compute-4-11.cluster.lan
Fri May 15 09:12:32 PM UTC 2026
HOME=/home/jliu
SCRATCH=/mnt/beegfs-compat/jliu
PWD=/home/jliu/Thesis
===== Python check =====
/share/apps/miniconda3/bin/python
PYTHON=/home/jliu/.conda/envs/thesis-diffusion/bin/python
/home/jliu/.conda/envs/thesis-diffusion/bin/python
2.12.0+cu126
True
NVIDIA A40
===== Data check =====
DATA_DIR=/mnt/beegfs-compat/jliu/Thesis_data/data_no_speed_delta_displacement_paired/images
/mnt/beegfs-compat/jliu/Thesis_data/data_no_speed_delta_displacement_paired/images/sample_000922.png
/mnt/beegfs-compat/jliu/Thesis_data/data_no_speed_delta_displacement_paired/images/sample_001602.png
/mnt/beegfs-compat/jliu/Thesis_data/data_no_speed_delta_displacement_paired/images/sample_001616.png
/mnt/beegfs-compat/jliu/Thesis_data/data_no_speed_delta_displacement_paired/images/sample_002471.png
/mnt/beegfs-compat/jliu/Thesis_data/data_no_speed_delta_displacement_paired/images/sample_001080.png
/mnt/beegfs-compat/jliu/Thesis_data/data_no_speed_delta_displacement_paired/images/sample_002487.png
/mnt/beegfs-compat/jliu/Thesis_data/data_no_speed_delta_displacement_paired/images/sample_002149.png
/mnt/beegfs-compat/jliu/Thesis_data/data_no_speed_delta_displacement_paired/images/sample_001327.png
/mnt/beegfs-compat/jliu/Thesis_data/data_no_speed_delta_displacement_paired/images/sample_000353.png
/mnt/beegfs-compat/jliu/Thesis_data/data_no_speed_delta_displacement_paired/images/sample_000326.png
Number of images:
3159
===== Start training =====
DDPM scratch training startup diagnostics
hostname: compute-4-11.cluster.lan
cwd: /home/jliu/Thesis
torch_version: 2.12.0+cu126
torch.cuda.is_available(): True
gpu_name: NVIDIA A40
cuda_device_count: 1
resolved_data_dir: /mnt/beegfs-compat/jliu/Thesis_data/data_no_speed_delta_displacement_paired/images
resolved_output_dir: /mnt/beegfs-compat/jliu/Thesis_runs/ddpm_scratch_10000step_bs8_pureMSE
num_input_images: 3159
training_hyperparameters:
  image_size: 224
  batch_size: 8
  lr: 0.0001
  max_train_steps: 10000
  gradient_accumulation_steps: 2
  save_every: 1000
  sample_every: 2000
  use_ema: False
  aux_loss_mode: none
  symmetry_weight: 0.01
  diag_weight: 0.01
  disable_symmetry_loss: False
  resume_from_checkpoint: None
  seed: 42
  num_train_timesteps: 1000
  lr_warmup_steps: 500
  max_grad_norm: 1.0
  num_workers: 0
  log_every: 10
  num_sample_images: 4
  sample_inference_steps: 20
  run_name: ddpm_scratch_10000step_bs8_pureMSE
  scratch_root: /mnt/beegfs-compat/jliu
  copy_results_to_home: True
  home_results_dir: None

step=1 loss=1.201500 lr=0.00000020 steps_per_second=0.0596
step=10 loss=1.183906 lr=0.00000200 steps_per_second=0.0795
step=20 loss=1.109692 lr=0.00000400 steps_per_second=0.0910
step=30 loss=0.985929 lr=0.00000600 steps_per_second=0.0938
step=40 loss=0.833531 lr=0.00000800 steps_per_second=0.0973
step=50 loss=0.678014 lr=0.00001000 steps_per_second=0.0959
step=60 loss=0.524610 lr=0.00001200 steps_per_second=0.0983
step=70 loss=0.367009 lr=0.00001400 steps_per_second=0.0992
step=80 loss=0.230011 lr=0.00001600 steps_per_second=0.0979
step=90 loss=0.173625 lr=0.00001800 steps_per_second=0.0975
step=100 loss=0.154625 lr=0.00002000 steps_per_second=0.0955
step=110 loss=0.127760 lr=0.00002200 steps_per_second=0.0932
step=120 loss=0.128534 lr=0.00002400 steps_per_second=0.0923
step=130 loss=0.108733 lr=0.00002600 steps_per_second=0.0914
step=140 loss=0.090262 lr=0.00002800 steps_per_second=0.0911
step=150 loss=0.085783 lr=0.00003000 steps_per_second=0.0929
step=160 loss=0.082088 lr=0.00003200 steps_per_second=0.0932
step=170 loss=0.083139 lr=0.00003400 steps_per_second=0.0924
step=180 loss=0.074177 lr=0.00003600 steps_per_second=0.0921
step=190 loss=0.074312 lr=0.00003800 steps_per_second=0.0919
step=200 loss=0.078120 lr=0.00004000 steps_per_second=0.0912
step=210 loss=0.063925 lr=0.00004200 steps_per_second=0.0953
step=220 loss=0.068307 lr=0.00004400 steps_per_second=0.0993
step=230 loss=0.063859 lr=0.00004600 steps_per_second=0.1033
step=240 loss=0.070008 lr=0.00004800 steps_per_second=0.1074
step=250 loss=0.066497 lr=0.00005000 steps_per_second=0.1109
step=260 loss=0.069895 lr=0.00005200 steps_per_second=0.1147
step=270 loss=0.052888 lr=0.00005400 steps_per_second=0.1185
step=280 loss=0.048220 lr=0.00005600 steps_per_second=0.1223
step=290 loss=0.052704 lr=0.00005800 steps_per_second=0.1261
step=300 loss=0.045127 lr=0.00006000 steps_per_second=0.1294
step=310 loss=0.052008 lr=0.00006200 steps_per_second=0.1332
step=320 loss=0.046790 lr=0.00006400 steps_per_second=0.1369
step=330 loss=0.047594 lr=0.00006600 steps_per_second=0.1406
step=340 loss=0.046553 lr=0.00006800 steps_per_second=0.1442
step=350 loss=0.053738 lr=0.00007000 steps_per_second=0.1478
step=360 loss=0.041715 lr=0.00007200 steps_per_second=0.1514
step=370 loss=0.043492 lr=0.00007400 steps_per_second=0.1549
step=380 loss=0.050954 lr=0.00007600 steps_per_second=0.1585
step=390 loss=0.037707 lr=0.00007800 steps_per_second=0.1620
step=400 loss=0.041663 lr=0.00008000 steps_per_second=0.1654
step=410 loss=0.035734 lr=0.00008200 steps_per_second=0.1688
step=420 loss=0.035518 lr=0.00008400 steps_per_second=0.1722
step=430 loss=0.044370 lr=0.00008600 steps_per_second=0.1753
step=440 loss=0.039345 lr=0.00008800 steps_per_second=0.1785
step=450 loss=0.037312 lr=0.00009000 steps_per_second=0.1817
step=460 loss=0.030104 lr=0.00009200 steps_per_second=0.1850
step=470 loss=0.044448 lr=0.00009400 steps_per_second=0.1883
step=480 loss=0.045484 lr=0.00009600 steps_per_second=0.1915
step=490 loss=0.042026 lr=0.00009800 steps_per_second=0.1944
step=500 loss=0.033261 lr=0.00010000 steps_per_second=0.1976
step=510 loss=0.039368 lr=0.00010000 steps_per_second=0.2007
step=520 loss=0.032172 lr=0.00010000 steps_per_second=0.2039
step=530 loss=0.025829 lr=0.00010000 steps_per_second=0.2070
step=540 loss=0.029617 lr=0.00010000 steps_per_second=0.2101
step=550 loss=0.027692 lr=0.00009999 steps_per_second=0.2132
step=560 loss=0.027344 lr=0.00009999 steps_per_second=0.2153
step=570 loss=0.034741 lr=0.00009999 steps_per_second=0.2173
step=580 loss=0.032261 lr=0.00009998 steps_per_second=0.2200
step=590 loss=0.028444 lr=0.00009998 steps_per_second=0.2229
step=600 loss=0.036954 lr=0.00009997 steps_per_second=0.2258
step=610 loss=0.028255 lr=0.00009997 steps_per_second=0.2287
step=620 loss=0.029954 lr=0.00009996 steps_per_second=0.2310
step=630 loss=0.032279 lr=0.00009995 steps_per_second=0.2336
step=640 loss=0.028225 lr=0.00009995 steps_per_second=0.2360
step=650 loss=0.030794 lr=0.00009994 steps_per_second=0.2387
step=660 loss=0.027419 lr=0.00009993 steps_per_second=0.2414
step=670 loss=0.022308 lr=0.00009992 steps_per_second=0.2442
step=680 loss=0.023714 lr=0.00009991 steps_per_second=0.2468
step=690 loss=0.023524 lr=0.00009990 steps_per_second=0.2495
step=700 loss=0.020493 lr=0.00009989 steps_per_second=0.2521
step=710 loss=0.025712 lr=0.00009988 steps_per_second=0.2547
step=720 loss=0.027466 lr=0.00009987 steps_per_second=0.2573
step=730 loss=0.021150 lr=0.00009986 steps_per_second=0.2600
step=740 loss=0.018781 lr=0.00009984 steps_per_second=0.2626
step=750 loss=0.023111 lr=0.00009983 steps_per_second=0.2653
step=760 loss=0.019464 lr=0.00009982 steps_per_second=0.2677
step=770 loss=0.019251 lr=0.00009980 steps_per_second=0.2702
step=780 loss=0.023172 lr=0.00009979 steps_per_second=0.2728
step=790 loss=0.019125 lr=0.00009977 steps_per_second=0.2754
step=800 loss=0.020745 lr=0.00009975 steps_per_second=0.2769
step=810 loss=0.018862 lr=0.00009974 steps_per_second=0.2792
step=820 loss=0.017143 lr=0.00009972 steps_per_second=0.2815
step=830 loss=0.019662 lr=0.00009970 steps_per_second=0.2839
step=840 loss=0.017892 lr=0.00009968 steps_per_second=0.2864
step=850 loss=0.016736 lr=0.00009967 steps_per_second=0.2888
step=860 loss=0.018611 lr=0.00009965 steps_per_second=0.2907
step=870 loss=0.018418 lr=0.00009963 steps_per_second=0.2925
step=880 loss=0.029420 lr=0.00009961 steps_per_second=0.2945
step=890 loss=0.015910 lr=0.00009958 steps_per_second=0.2968
step=900 loss=0.017950 lr=0.00009956 steps_per_second=0.2990
step=910 loss=0.016208 lr=0.00009954 steps_per_second=0.3014
step=920 loss=0.017335 lr=0.00009952 steps_per_second=0.3036
step=930 loss=0.017440 lr=0.00009950 steps_per_second=0.3057
step=940 loss=0.020727 lr=0.00009947 steps_per_second=0.3080
step=950 loss=0.014733 lr=0.00009945 steps_per_second=0.3103
step=960 loss=0.018189 lr=0.00009942 steps_per_second=0.3125
step=970 loss=0.019626 lr=0.00009940 steps_per_second=0.3148
step=980 loss=0.014387 lr=0.00009937 steps_per_second=0.3170
step=990 loss=0.016299 lr=0.00009935 steps_per_second=0.3192
step=1000 loss=0.017176 lr=0.00009932 steps_per_second=0.3211
step=1010 loss=0.013837 lr=0.00009929 steps_per_second=0.3202
step=1020 loss=0.012530 lr=0.00009926 steps_per_second=0.3224
step=1030 loss=0.022495 lr=0.00009923 steps_per_second=0.3243
step=1040 loss=0.014053 lr=0.00009920 steps_per_second=0.3265
step=1050 loss=0.022346 lr=0.00009918 steps_per_second=0.3284
step=1060 loss=0.016896 lr=0.00009915 steps_per_second=0.3304
step=1070 loss=0.018616 lr=0.00009911 steps_per_second=0.3325
step=1080 loss=0.017321 lr=0.00009908 steps_per_second=0.3346
step=1090 loss=0.014886 lr=0.00009905 steps_per_second=0.3362
step=1100 loss=0.011328 lr=0.00009902 steps_per_second=0.3373
step=1110 loss=0.012048 lr=0.00009899 steps_per_second=0.3393
step=1120 loss=0.018747 lr=0.00009895 steps_per_second=0.3411
step=1130 loss=0.016656 lr=0.00009892 steps_per_second=0.3432
step=1140 loss=0.018430 lr=0.00009888 steps_per_second=0.3452
step=1150 loss=0.018587 lr=0.00009885 steps_per_second=0.3472
step=1160 loss=0.015990 lr=0.00009881 steps_per_second=0.3492
step=1170 loss=0.013504 lr=0.00009878 steps_per_second=0.3509
step=1180 loss=0.012571 lr=0.00009874 steps_per_second=0.3529
step=1190 loss=0.014840 lr=0.00009870 steps_per_second=0.3544
step=1200 loss=0.013560 lr=0.00009867 steps_per_second=0.3563
step=1210 loss=0.016305 lr=0.00009863 steps_per_second=0.3582
step=1220 loss=0.014156 lr=0.00009859 steps_per_second=0.3597
step=1230 loss=0.014531 lr=0.00009855 steps_per_second=0.3612
step=1240 loss=0.016218 lr=0.00009851 steps_per_second=0.3626
step=1250 loss=0.012703 lr=0.00009847 steps_per_second=0.3643
step=1260 loss=0.011913 lr=0.00009843 steps_per_second=0.3662
step=1270 loss=0.013700 lr=0.00009839 steps_per_second=0.3680
step=1280 loss=0.012813 lr=0.00009835 steps_per_second=0.3699
step=1290 loss=0.011123 lr=0.00009830 steps_per_second=0.3712
step=1300 loss=0.014521 lr=0.00009826 steps_per_second=0.3731
step=1310 loss=0.015890 lr=0.00009822 steps_per_second=0.3749
step=1320 loss=0.012213 lr=0.00009817 steps_per_second=0.3765
step=1330 loss=0.016606 lr=0.00009813 steps_per_second=0.3782
step=1340 loss=0.013752 lr=0.00009808 steps_per_second=0.3797
step=1350 loss=0.012065 lr=0.00009804 steps_per_second=0.3808
step=1360 loss=0.011137 lr=0.00009799 steps_per_second=0.3826
step=1370 loss=0.014786 lr=0.00009794 steps_per_second=0.3844
step=1380 loss=0.013958 lr=0.00009790 steps_per_second=0.3857
step=1390 loss=0.011593 lr=0.00009785 steps_per_second=0.3867
step=1400 loss=0.014485 lr=0.00009780 steps_per_second=0.3881
step=1410 loss=0.009803 lr=0.00009775 steps_per_second=0.3899
step=1420 loss=0.010750 lr=0.00009770 steps_per_second=0.3916
step=1430 loss=0.010016 lr=0.00009765 steps_per_second=0.3930
step=1440 loss=0.012915 lr=0.00009760 steps_per_second=0.3947
step=1450 loss=0.011391 lr=0.00009755 steps_per_second=0.3963
step=1460 loss=0.009940 lr=0.00009750 steps_per_second=0.3980
step=1470 loss=0.012341 lr=0.00009745 steps_per_second=0.3996
step=1480 loss=0.015247 lr=0.00009740 steps_per_second=0.4009
step=1490 loss=0.009652 lr=0.00009734 steps_per_second=0.4026
step=1500 loss=0.011550 lr=0.00009729 steps_per_second=0.4042
step=1510 loss=0.010446 lr=0.00009724 steps_per_second=0.4057
step=1520 loss=0.013387 lr=0.00009718 steps_per_second=0.4073
step=1530 loss=0.016327 lr=0.00009713 steps_per_second=0.4083
step=1540 loss=0.010819 lr=0.00009707 steps_per_second=0.4097
step=1550 loss=0.014083 lr=0.00009702 steps_per_second=0.4111
step=1560 loss=0.019088 lr=0.00009696 steps_per_second=0.4124
step=1570 loss=0.018367 lr=0.00009690 steps_per_second=0.4135
step=1580 loss=0.014298 lr=0.00009684 steps_per_second=0.4150
step=1590 loss=0.008271 lr=0.00009679 steps_per_second=0.4165
step=1600 loss=0.012650 lr=0.00009673 steps_per_second=0.4176
step=1610 loss=0.009381 lr=0.00009667 steps_per_second=0.4191
step=1620 loss=0.012068 lr=0.00009661 steps_per_second=0.4200
step=1630 loss=0.015770 lr=0.00009655 steps_per_second=0.4215
step=1640 loss=0.011983 lr=0.00009649 steps_per_second=0.4230
step=1650 loss=0.015933 lr=0.00009643 steps_per_second=0.4246
step=1660 loss=0.011324 lr=0.00009637 steps_per_second=0.4261
step=1670 loss=0.015645 lr=0.00009630 steps_per_second=0.4271
step=1680 loss=0.009784 lr=0.00009624 steps_per_second=0.4282
step=1690 loss=0.011360 lr=0.00009618 steps_per_second=0.4297
step=1700 loss=0.014402 lr=0.00009611 steps_per_second=0.4311
step=1710 loss=0.010486 lr=0.00009605 steps_per_second=0.4325
step=1720 loss=0.008770 lr=0.00009599 steps_per_second=0.4339
step=1730 loss=0.010852 lr=0.00009592 steps_per_second=0.4354
step=1740 loss=0.007335 lr=0.00009585 steps_per_second=0.4368
step=1750 loss=0.012256 lr=0.00009579 steps_per_second=0.4382
step=1760 loss=0.014883 lr=0.00009572 steps_per_second=0.4393
step=1770 loss=0.012245 lr=0.00009565 steps_per_second=0.4405
step=1780 loss=0.013687 lr=0.00009559 steps_per_second=0.4419
step=1790 loss=0.016647 lr=0.00009552 steps_per_second=0.4431
step=1800 loss=0.011718 lr=0.00009545 steps_per_second=0.4445
step=1810 loss=0.012211 lr=0.00009538 steps_per_second=0.4458
step=1820 loss=0.016861 lr=0.00009531 steps_per_second=0.4470
step=1830 loss=0.019148 lr=0.00009524 steps_per_second=0.4484
step=1840 loss=0.010165 lr=0.00009517 steps_per_second=0.4498
step=1850 loss=0.013140 lr=0.00009510 steps_per_second=0.4508
step=1860 loss=0.011838 lr=0.00009503 steps_per_second=0.4522
step=1870 loss=0.009760 lr=0.00009496 steps_per_second=0.4532
step=1880 loss=0.009612 lr=0.00009488 steps_per_second=0.4545
step=1890 loss=0.014936 lr=0.00009481 steps_per_second=0.4555
step=1900 loss=0.012409 lr=0.00009474 steps_per_second=0.4568
step=1910 loss=0.010676 lr=0.00009466 steps_per_second=0.4581
step=1920 loss=0.010742 lr=0.00009459 steps_per_second=0.4594
step=1930 loss=0.009625 lr=0.00009451 steps_per_second=0.4599
step=1940 loss=0.008515 lr=0.00009444 steps_per_second=0.4611
step=1950 loss=0.009350 lr=0.00009436 steps_per_second=0.4625
step=1960 loss=0.011131 lr=0.00009428 steps_per_second=0.4637
step=1970 loss=0.008408 lr=0.00009421 steps_per_second=0.4639
step=1980 loss=0.013839 lr=0.00009413 steps_per_second=0.4650
step=1990 loss=0.015629 lr=0.00009405 steps_per_second=0.4662
step=2000 loss=0.016150 lr=0.00009397 steps_per_second=0.4672
step=2010 loss=0.013430 lr=0.00009389 steps_per_second=0.4632
step=2020 loss=0.013922 lr=0.00009382 steps_per_second=0.4642
step=2030 loss=0.016783 lr=0.00009374 steps_per_second=0.4655
step=2040 loss=0.012066 lr=0.00009366 steps_per_second=0.4666
step=2050 loss=0.011408 lr=0.00009357 steps_per_second=0.4677
step=2060 loss=0.008334 lr=0.00009349 steps_per_second=0.4682
step=2070 loss=0.008235 lr=0.00009341 steps_per_second=0.4694
step=2080 loss=0.013567 lr=0.00009333 steps_per_second=0.4706
step=2090 loss=0.012533 lr=0.00009325 steps_per_second=0.4711
step=2100 loss=0.010239 lr=0.00009316 steps_per_second=0.4721
step=2110 loss=0.007308 lr=0.00009308 steps_per_second=0.4730
step=2120 loss=0.009591 lr=0.00009299 steps_per_second=0.4742
step=2130 loss=0.008905 lr=0.00009291 steps_per_second=0.4754
step=2140 loss=0.007637 lr=0.00009283 steps_per_second=0.4764
step=2150 loss=0.009304 lr=0.00009274 steps_per_second=0.4774
step=2160 loss=0.007672 lr=0.00009265 steps_per_second=0.4786
step=2170 loss=0.010290 lr=0.00009257 steps_per_second=0.4798
step=2180 loss=0.008943 lr=0.00009248 steps_per_second=0.4807
step=2190 loss=0.013421 lr=0.00009239 steps_per_second=0.4818
step=2200 loss=0.010081 lr=0.00009230 steps_per_second=0.4829
step=2210 loss=0.008565 lr=0.00009222 steps_per_second=0.4840
step=2220 loss=0.009661 lr=0.00009213 steps_per_second=0.4850
step=2230 loss=0.012592 lr=0.00009204 steps_per_second=0.4860
step=2240 loss=0.006903 lr=0.00009195 steps_per_second=0.4871
step=2250 loss=0.008277 lr=0.00009186 steps_per_second=0.4882
step=2260 loss=0.007292 lr=0.00009177 steps_per_second=0.4893
step=2270 loss=0.006057 lr=0.00009168 steps_per_second=0.4903
step=2280 loss=0.007630 lr=0.00009158 steps_per_second=0.4914
step=2290 loss=0.010891 lr=0.00009149 steps_per_second=0.4925
step=2300 loss=0.009151 lr=0.00009140 steps_per_second=0.4936
step=2310 loss=0.007883 lr=0.00009131 steps_per_second=0.4943
step=2320 loss=0.011463 lr=0.00009121 steps_per_second=0.4952
step=2330 loss=0.013161 lr=0.00009112 steps_per_second=0.4963
step=2340 loss=0.008569 lr=0.00009103 steps_per_second=0.4974
step=2350 loss=0.007800 lr=0.00009093 steps_per_second=0.4983
step=2360 loss=0.013956 lr=0.00009084 steps_per_second=0.4990
step=2370 loss=0.009186 lr=0.00009074 steps_per_second=0.4998
step=2380 loss=0.011113 lr=0.00009064 steps_per_second=0.5009
step=2390 loss=0.008862 lr=0.00009055 steps_per_second=0.5005
step=2400 loss=0.008782 lr=0.00009045 steps_per_second=0.5015
step=2410 loss=0.008155 lr=0.00009035 steps_per_second=0.5023
step=2420 loss=0.008896 lr=0.00009026 steps_per_second=0.5034
step=2430 loss=0.006434 lr=0.00009016 steps_per_second=0.5031
step=2440 loss=0.009217 lr=0.00009006 steps_per_second=0.5042
step=2450 loss=0.008922 lr=0.00008996 steps_per_second=0.5052
step=2460 loss=0.008576 lr=0.00008986 steps_per_second=0.5062
step=2470 loss=0.007854 lr=0.00008976 steps_per_second=0.5072
step=2480 loss=0.008577 lr=0.00008966 steps_per_second=0.5083
step=2490 loss=0.007024 lr=0.00008956 steps_per_second=0.5090
step=2500 loss=0.009480 lr=0.00008946 steps_per_second=0.5099
step=2510 loss=0.008692 lr=0.00008936 steps_per_second=0.5108
step=2520 loss=0.010513 lr=0.00008925 steps_per_second=0.5114
step=2530 loss=0.012783 lr=0.00008915 steps_per_second=0.5120
step=2540 loss=0.007828 lr=0.00008905 steps_per_second=0.5130
step=2550 loss=0.006754 lr=0.00008894 steps_per_second=0.5140
step=2560 loss=0.005844 lr=0.00008884 steps_per_second=0.5149
step=2570 loss=0.008926 lr=0.00008874 steps_per_second=0.5156
step=2580 loss=0.010542 lr=0.00008863 steps_per_second=0.5167
step=2590 loss=0.010952 lr=0.00008853 steps_per_second=0.5176
step=2600 loss=0.011186 lr=0.00008842 steps_per_second=0.5184
step=2610 loss=0.007707 lr=0.00008831 steps_per_second=0.5193
step=2620 loss=0.011166 lr=0.00008821 steps_per_second=0.5203
step=2630 loss=0.011707 lr=0.00008810 steps_per_second=0.5213
step=2640 loss=0.007158 lr=0.00008799 steps_per_second=0.5221
step=2650 loss=0.008618 lr=0.00008789 steps_per_second=0.5226
step=2660 loss=0.007818 lr=0.00008778 steps_per_second=0.5232
step=2670 loss=0.009841 lr=0.00008767 steps_per_second=0.5242
step=2680 loss=0.007490 lr=0.00008756 steps_per_second=0.5251
step=2690 loss=0.006419 lr=0.00008745 steps_per_second=0.5260
step=2700 loss=0.009403 lr=0.00008734 steps_per_second=0.5270
step=2710 loss=0.010082 lr=0.00008723 steps_per_second=0.5279
step=2720 loss=0.009571 lr=0.00008712 steps_per_second=0.5285
step=2730 loss=0.009212 lr=0.00008701 steps_per_second=0.5291
step=2740 loss=0.013480 lr=0.00008690 steps_per_second=0.5294
step=2750 loss=0.008421 lr=0.00008679 steps_per_second=0.5301
step=2760 loss=0.009733 lr=0.00008667 steps_per_second=0.5310
step=2770 loss=0.009353 lr=0.00008656 steps_per_second=0.5316
step=2780 loss=0.008795 lr=0.00008645 steps_per_second=0.5323
step=2790 loss=0.007306 lr=0.00008634 steps_per_second=0.5330
step=2800 loss=0.005928 lr=0.00008622 steps_per_second=0.5335
step=2810 loss=0.005357 lr=0.00008611 steps_per_second=0.5344
step=2820 loss=0.005836 lr=0.00008599 steps_per_second=0.5354
step=2830 loss=0.006279 lr=0.00008588 steps_per_second=0.5363
step=2840 loss=0.006192 lr=0.00008576 steps_per_second=0.5372
step=2850 loss=0.005769 lr=0.00008565 steps_per_second=0.5381
step=2860 loss=0.007031 lr=0.00008553 steps_per_second=0.5390
step=2870 loss=0.005574 lr=0.00008541 steps_per_second=0.5397
step=2880 loss=0.011182 lr=0.00008530 steps_per_second=0.5401
step=2890 loss=0.008155 lr=0.00008518 steps_per_second=0.5410
step=2900 loss=0.005438 lr=0.00008506 steps_per_second=0.5414
step=2910 loss=0.007528 lr=0.00008494 steps_per_second=0.5413
step=2920 loss=0.007244 lr=0.00008483 steps_per_second=0.5422
step=2930 loss=0.005142 lr=0.00008471 steps_per_second=0.5429
step=2940 loss=0.006709 lr=0.00008459 steps_per_second=0.5438
step=2950 loss=0.007045 lr=0.00008447 steps_per_second=0.5446
step=2960 loss=0.011217 lr=0.00008435 steps_per_second=0.5453
step=2970 loss=0.009147 lr=0.00008423 steps_per_second=0.5462
step=2980 loss=0.006784 lr=0.00008411 steps_per_second=0.5470
step=2990 loss=0.004876 lr=0.00008399 steps_per_second=0.5477
step=3000 loss=0.004760 lr=0.00008386 steps_per_second=0.5485
step=3010 loss=0.005367 lr=0.00008374 steps_per_second=0.5469
step=3020 loss=0.007986 lr=0.00008362 steps_per_second=0.5472
step=3030 loss=0.008671 lr=0.00008350 steps_per_second=0.5481
step=3040 loss=0.007011 lr=0.00008337 steps_per_second=0.5489
step=3050 loss=0.014572 lr=0.00008325 steps_per_second=0.5498
step=3060 loss=0.008384 lr=0.00008313 steps_per_second=0.5506
step=3070 loss=0.007958 lr=0.00008300 steps_per_second=0.5515
step=3080 loss=0.012011 lr=0.00008288 steps_per_second=0.5523
step=3090 loss=0.009705 lr=0.00008275 steps_per_second=0.5529
step=3100 loss=0.006672 lr=0.00008263 steps_per_second=0.5538
step=3110 loss=0.011935 lr=0.00008250 steps_per_second=0.5546
step=3120 loss=0.007857 lr=0.00008238 steps_per_second=0.5554
step=3130 loss=0.007536 lr=0.00008225 steps_per_second=0.5562
step=3140 loss=0.007837 lr=0.00008213 steps_per_second=0.5568
step=3150 loss=0.009326 lr=0.00008200 steps_per_second=0.5576
step=3160 loss=0.006942 lr=0.00008187 steps_per_second=0.5584
step=3170 loss=0.008500 lr=0.00008174 steps_per_second=0.5588
step=3180 loss=0.006904 lr=0.00008162 steps_per_second=0.5594
step=3190 loss=0.006102 lr=0.00008149 steps_per_second=0.5601
step=3200 loss=0.009038 lr=0.00008136 steps_per_second=0.5609
step=3210 loss=0.014425 lr=0.00008123 steps_per_second=0.5616
step=3220 loss=0.009429 lr=0.00008110 steps_per_second=0.5624
step=3230 loss=0.010376 lr=0.00008097 steps_per_second=0.5629
step=3240 loss=0.008897 lr=0.00008084 steps_per_second=0.5637
step=3250 loss=0.007373 lr=0.00008071 steps_per_second=0.5645
step=3260 loss=0.008611 lr=0.00008058 steps_per_second=0.5653
step=3270 loss=0.008726 lr=0.00008045 steps_per_second=0.5658
step=3280 loss=0.007450 lr=0.00008032 steps_per_second=0.5665
step=3290 loss=0.005781 lr=0.00008019 steps_per_second=0.5673
step=3300 loss=0.007942 lr=0.00008005 steps_per_second=0.5681
step=3310 loss=0.008011 lr=0.00007992 steps_per_second=0.5688
step=3320 loss=0.007656 lr=0.00007979 steps_per_second=0.5690
step=3330 loss=0.007103 lr=0.00007966 steps_per_second=0.5697
step=3340 loss=0.006539 lr=0.00007952 steps_per_second=0.5705
step=3350 loss=0.005459 lr=0.00007939 steps_per_second=0.5711
step=3360 loss=0.010620 lr=0.00007926 steps_per_second=0.5719
step=3370 loss=0.007406 lr=0.00007912 steps_per_second=0.5725
step=3380 loss=0.008504 lr=0.00007899 steps_per_second=0.5733
step=3390 loss=0.007426 lr=0.00007885 steps_per_second=0.5732
step=3400 loss=0.006279 lr=0.00007872 steps_per_second=0.5737
step=3410 loss=0.006961 lr=0.00007858 steps_per_second=0.5745
step=3420 loss=0.005793 lr=0.00007845 steps_per_second=0.5752
step=3430 loss=0.007084 lr=0.00007831 steps_per_second=0.5759
step=3440 loss=0.006555 lr=0.00007817 steps_per_second=0.5763
step=3450 loss=0.006637 lr=0.00007804 steps_per_second=0.5769
step=3460 loss=0.007206 lr=0.00007790 steps_per_second=0.5775
step=3470 loss=0.006430 lr=0.00007776 steps_per_second=0.5779
step=3480 loss=0.005824 lr=0.00007762 steps_per_second=0.5787
step=3490 loss=0.007791 lr=0.00007749 steps_per_second=0.5794
step=3500 loss=0.007239 lr=0.00007735 steps_per_second=0.5799
step=3510 loss=0.005765 lr=0.00007721 steps_per_second=0.5805
step=3520 loss=0.006860 lr=0.00007707 steps_per_second=0.5812
step=3530 loss=0.006320 lr=0.00007693 steps_per_second=0.5819
step=3540 loss=0.007189 lr=0.00007679 steps_per_second=0.5823
step=3550 loss=0.007466 lr=0.00007665 steps_per_second=0.5830
step=3560 loss=0.006715 lr=0.00007651 steps_per_second=0.5835
step=3570 loss=0.006449 lr=0.00007637 steps_per_second=0.5837
step=3580 loss=0.005031 lr=0.00007623 steps_per_second=0.5844
step=3590 loss=0.008353 lr=0.00007609 steps_per_second=0.5851
step=3600 loss=0.006514 lr=0.00007595 steps_per_second=0.5858
step=3610 loss=0.007032 lr=0.00007581 steps_per_second=0.5866
step=3620 loss=0.005675 lr=0.00007567 steps_per_second=0.5870
step=3630 loss=0.005983 lr=0.00007552 steps_per_second=0.5872
step=3640 loss=0.007280 lr=0.00007538 steps_per_second=0.5879
step=3650 loss=0.005641 lr=0.00007524 steps_per_second=0.5884
step=3660 loss=0.007977 lr=0.00007510 steps_per_second=0.5889
step=3670 loss=0.006583 lr=0.00007495 steps_per_second=0.5896
step=3680 loss=0.006548 lr=0.00007481 steps_per_second=0.5901
step=3690 loss=0.007549 lr=0.00007467 steps_per_second=0.5908
step=3700 loss=0.004703 lr=0.00007452 steps_per_second=0.5915
step=3710 loss=0.007104 lr=0.00007438 steps_per_second=0.5922
step=3720 loss=0.009324 lr=0.00007423 steps_per_second=0.5927
step=3730 loss=0.007247 lr=0.00007409 steps_per_second=0.5934
step=3740 loss=0.006770 lr=0.00007394 steps_per_second=0.5940
step=3750 loss=0.005137 lr=0.00007380 steps_per_second=0.5947
step=3760 loss=0.008315 lr=0.00007365 steps_per_second=0.5953
step=3770 loss=0.010688 lr=0.00007351 steps_per_second=0.5953
step=3780 loss=0.007798 lr=0.00007336 steps_per_second=0.5958
step=3790 loss=0.013054 lr=0.00007321 steps_per_second=0.5959
step=3800 loss=0.011758 lr=0.00007307 steps_per_second=0.5964
step=3810 loss=0.007938 lr=0.00007292 steps_per_second=0.5968
step=3820 loss=0.008288 lr=0.00007277 steps_per_second=0.5975
step=3830 loss=0.007599 lr=0.00007263 steps_per_second=0.5981
step=3840 loss=0.007731 lr=0.00007248 steps_per_second=0.5987
step=3850 loss=0.009729 lr=0.00007233 steps_per_second=0.5993
step=3860 loss=0.006519 lr=0.00007218 steps_per_second=0.5999
step=3870 loss=0.007574 lr=0.00007203 steps_per_second=0.5998
step=3880 loss=0.008282 lr=0.00007189 steps_per_second=0.6001
step=3890 loss=0.006384 lr=0.00007174 steps_per_second=0.6007
step=3900 loss=0.007717 lr=0.00007159 steps_per_second=0.6014
step=3910 loss=0.004898 lr=0.00007144 steps_per_second=0.6019
step=3920 loss=0.007092 lr=0.00007129 steps_per_second=0.6025
step=3930 loss=0.007209 lr=0.00007114 steps_per_second=0.6032
step=3940 loss=0.006171 lr=0.00007099 steps_per_second=0.6038
step=3950 loss=0.006176 lr=0.00007084 steps_per_second=0.6034
step=3960 loss=0.006957 lr=0.00007069 steps_per_second=0.6037
step=3970 loss=0.008142 lr=0.00007054 steps_per_second=0.6043
step=3980 loss=0.004135 lr=0.00007039 steps_per_second=0.6050
step=3990 loss=0.007671 lr=0.00007024 steps_per_second=0.6056
step=4000 loss=0.008196 lr=0.00007008 steps_per_second=0.6063
step=4010 loss=0.010336 lr=0.00006993 steps_per_second=0.6030
step=4020 loss=0.007338 lr=0.00006978 steps_per_second=0.6037
step=4030 loss=0.007610 lr=0.00006963 steps_per_second=0.6043
step=4040 loss=0.005763 lr=0.00006948 steps_per_second=0.6049
step=4050 loss=0.009345 lr=0.00006932 steps_per_second=0.6055
step=4060 loss=0.007105 lr=0.00006917 steps_per_second=0.6062
step=4070 loss=0.005895 lr=0.00006902 steps_per_second=0.6065
step=4080 loss=0.004308 lr=0.00006887 steps_per_second=0.6061
step=4090 loss=0.005091 lr=0.00006871 steps_per_second=0.6067
step=4100 loss=0.005448 lr=0.00006856 steps_per_second=0.6072
step=4110 loss=0.005726 lr=0.00006841 steps_per_second=0.6079
step=4120 loss=0.004371 lr=0.00006825 steps_per_second=0.6084
step=4130 loss=0.005993 lr=0.00006810 steps_per_second=0.6090
step=4140 loss=0.004885 lr=0.00006794 steps_per_second=0.6096
step=4150 loss=0.005213 lr=0.00006779 steps_per_second=0.6101
step=4160 loss=0.006578 lr=0.00006764 steps_per_second=0.6106
step=4170 loss=0.007173 lr=0.00006748 steps_per_second=0.6112
step=4180 loss=0.007560 lr=0.00006733 steps_per_second=0.6118
step=4190 loss=0.005551 lr=0.00006717 steps_per_second=0.6123
step=4200 loss=0.006110 lr=0.00006701 steps_per_second=0.6129
step=4210 loss=0.006703 lr=0.00006686 steps_per_second=0.6134
step=4220 loss=0.006413 lr=0.00006670 steps_per_second=0.6139
step=4230 loss=0.005028 lr=0.00006655 steps_per_second=0.6145
step=4240 loss=0.007712 lr=0.00006639 steps_per_second=0.6150
step=4250 loss=0.006921 lr=0.00006623 steps_per_second=0.6156
step=4260 loss=0.008033 lr=0.00006608 steps_per_second=0.6162
step=4270 loss=0.007668 lr=0.00006592 steps_per_second=0.6167
step=4280 loss=0.008589 lr=0.00006577 steps_per_second=0.6173
step=4290 loss=0.005987 lr=0.00006561 steps_per_second=0.6178
step=4300 loss=0.006884 lr=0.00006545 steps_per_second=0.6183
step=4310 loss=0.008133 lr=0.00006529 steps_per_second=0.6189
step=4320 loss=0.005343 lr=0.00006514 steps_per_second=0.6194
step=4330 loss=0.005157 lr=0.00006498 steps_per_second=0.6199
step=4340 loss=0.004749 lr=0.00006482 steps_per_second=0.6204
step=4350 loss=0.005922 lr=0.00006466 steps_per_second=0.6210
step=4360 loss=0.004124 lr=0.00006450 steps_per_second=0.6216
step=4370 loss=0.005476 lr=0.00006435 steps_per_second=0.6221
step=4380 loss=0.007768 lr=0.00006419 steps_per_second=0.6224
step=4390 loss=0.007881 lr=0.00006403 steps_per_second=0.6228
step=4400 loss=0.006073 lr=0.00006387 steps_per_second=0.6232
step=4410 loss=0.005095 lr=0.00006371 steps_per_second=0.6234
step=4420 loss=0.006691 lr=0.00006355 steps_per_second=0.6240
step=4430 loss=0.004970 lr=0.00006339 steps_per_second=0.6246
step=4440 loss=0.006889 lr=0.00006323 steps_per_second=0.6247
step=4450 loss=0.005447 lr=0.00006307 steps_per_second=0.6249
step=4460 loss=0.005801 lr=0.00006291 steps_per_second=0.6255
step=4470 loss=0.005133 lr=0.00006275 steps_per_second=0.6259
step=4480 loss=0.009340 lr=0.00006259 steps_per_second=0.6264
step=4490 loss=0.005158 lr=0.00006243 steps_per_second=0.6268
step=4500 loss=0.005806 lr=0.00006227 steps_per_second=0.6274
step=4510 loss=0.005759 lr=0.00006211 steps_per_second=0.6278
step=4520 loss=0.004627 lr=0.00006195 steps_per_second=0.6282
step=4530 loss=0.005572 lr=0.00006179 steps_per_second=0.6287
step=4540 loss=0.004501 lr=0.00006163 steps_per_second=0.6281
step=4550 loss=0.004092 lr=0.00006147 steps_per_second=0.6287
step=4560 loss=0.007368 lr=0.00006131 steps_per_second=0.6291
step=4570 loss=0.008599 lr=0.00006115 steps_per_second=0.6297
step=4580 loss=0.005678 lr=0.00006099 steps_per_second=0.6302
step=4590 loss=0.004304 lr=0.00006083 steps_per_second=0.6306
step=4600 loss=0.007645 lr=0.00006066 steps_per_second=0.6311
step=4610 loss=0.006989 lr=0.00006050 steps_per_second=0.6316
step=4620 loss=0.006320 lr=0.00006034 steps_per_second=0.6321
step=4630 loss=0.006385 lr=0.00006018 steps_per_second=0.6326
step=4640 loss=0.004775 lr=0.00006002 steps_per_second=0.6330
step=4650 loss=0.006841 lr=0.00005986 steps_per_second=0.6335
step=4660 loss=0.007756 lr=0.00005969 steps_per_second=0.6340
step=4670 loss=0.007021 lr=0.00005953 steps_per_second=0.6345
step=4680 loss=0.005694 lr=0.00005937 steps_per_second=0.6350
step=4690 loss=0.004134 lr=0.00005921 steps_per_second=0.6355
step=4700 loss=0.005652 lr=0.00005904 steps_per_second=0.6358
step=4710 loss=0.007047 lr=0.00005888 steps_per_second=0.6363
step=4720 loss=0.007828 lr=0.00005872 steps_per_second=0.6368
step=4730 loss=0.006998 lr=0.00005856 steps_per_second=0.6373
step=4740 loss=0.006157 lr=0.00005839 steps_per_second=0.6378
step=4750 loss=0.007164 lr=0.00005823 steps_per_second=0.6382
step=4760 loss=0.006183 lr=0.00005807 steps_per_second=0.6387
step=4770 loss=0.005859 lr=0.00005790 steps_per_second=0.6392
step=4780 loss=0.006789 lr=0.00005774 steps_per_second=0.6397
step=4790 loss=0.006222 lr=0.00005758 steps_per_second=0.6398
step=4800 loss=0.008759 lr=0.00005741 steps_per_second=0.6402
step=4810 loss=0.004161 lr=0.00005725 steps_per_second=0.6406
step=4820 loss=0.005566 lr=0.00005709 steps_per_second=0.6411
step=4830 loss=0.007378 lr=0.00005692 steps_per_second=0.6416
step=4840 loss=0.003829 lr=0.00005676 steps_per_second=0.6419
step=4850 loss=0.004702 lr=0.00005659 steps_per_second=0.6423
step=4860 loss=0.005243 lr=0.00005643 steps_per_second=0.6429
step=4870 loss=0.007769 lr=0.00005627 steps_per_second=0.6428
step=4880 loss=0.006183 lr=0.00005610 steps_per_second=0.6429
step=4890 loss=0.004954 lr=0.00005594 steps_per_second=0.6432
step=4900 loss=0.006414 lr=0.00005577 steps_per_second=0.6435
step=4910 loss=0.005558 lr=0.00005561 steps_per_second=0.6440
step=4920 loss=0.005879 lr=0.00005545 steps_per_second=0.6431
step=4930 loss=0.006205 lr=0.00005528 steps_per_second=0.6436
step=4940 loss=0.006498 lr=0.00005512 steps_per_second=0.6441
step=4950 loss=0.004017 lr=0.00005495 steps_per_second=0.6445
step=4960 loss=0.004623 lr=0.00005479 steps_per_second=0.6448
step=4970 loss=0.005561 lr=0.00005462 steps_per_second=0.6453
step=4980 loss=0.004530 lr=0.00005446 steps_per_second=0.6456
step=4990 loss=0.008007 lr=0.00005429 steps_per_second=0.6460
step=5000 loss=0.005580 lr=0.00005413 steps_per_second=0.6465
step=5010 loss=0.005645 lr=0.00005396 steps_per_second=0.6413
step=5020 loss=0.004794 lr=0.00005380 steps_per_second=0.6417
step=5030 loss=0.007078 lr=0.00005363 steps_per_second=0.6420
step=5040 loss=0.007009 lr=0.00005347 steps_per_second=0.6424
step=5050 loss=0.007055 lr=0.00005330 steps_per_second=0.6429
step=5060 loss=0.007990 lr=0.00005314 steps_per_second=0.6433
step=5070 loss=0.007216 lr=0.00005297 steps_per_second=0.6437
step=5080 loss=0.005515 lr=0.00005281 steps_per_second=0.6441
step=5090 loss=0.007813 lr=0.00005264 steps_per_second=0.6442
step=5100 loss=0.006373 lr=0.00005248 steps_per_second=0.6446
step=5110 loss=0.004406 lr=0.00005231 steps_per_second=0.6450
step=5120 loss=0.006059 lr=0.00005215 steps_per_second=0.6454
step=5130 loss=0.005409 lr=0.00005198 steps_per_second=0.6459
step=5140 loss=0.006973 lr=0.00005182 steps_per_second=0.6464
step=5150 loss=0.005956 lr=0.00005165 steps_per_second=0.6469
step=5160 loss=0.005572 lr=0.00005149 steps_per_second=0.6474
step=5170 loss=0.008520 lr=0.00005132 steps_per_second=0.6477
step=5180 loss=0.006400 lr=0.00005116 steps_per_second=0.6481
step=5190 loss=0.005315 lr=0.00005099 steps_per_second=0.6483
step=5200 loss=0.004915 lr=0.00005083 steps_per_second=0.6487
step=5210 loss=0.004368 lr=0.00005066 steps_per_second=0.6491
step=5220 loss=0.005088 lr=0.00005050 steps_per_second=0.6495
step=5230 loss=0.004542 lr=0.00005033 steps_per_second=0.6499
step=5240 loss=0.005523 lr=0.00005017 steps_per_second=0.6504
step=5250 loss=0.004949 lr=0.00005000 steps_per_second=0.6508
step=5260 loss=0.005998 lr=0.00004983 steps_per_second=0.6512
step=5270 loss=0.004784 lr=0.00004967 steps_per_second=0.6516
step=5280 loss=0.005288 lr=0.00004950 steps_per_second=0.6520
step=5290 loss=0.005339 lr=0.00004934 steps_per_second=0.6524
step=5300 loss=0.005604 lr=0.00004917 steps_per_second=0.6528
step=5310 loss=0.005182 lr=0.00004901 steps_per_second=0.6532
step=5320 loss=0.004771 lr=0.00004884 steps_per_second=0.6536
step=5330 loss=0.005485 lr=0.00004868 steps_per_second=0.6541
step=5340 loss=0.004820 lr=0.00004851 steps_per_second=0.6545
step=5350 loss=0.006538 lr=0.00004835 steps_per_second=0.6549
step=5360 loss=0.005384 lr=0.00004818 steps_per_second=0.6553
step=5370 loss=0.007355 lr=0.00004802 steps_per_second=0.6554
step=5380 loss=0.008118 lr=0.00004785 steps_per_second=0.6559
step=5390 loss=0.006993 lr=0.00004769 steps_per_second=0.6563
step=5400 loss=0.003868 lr=0.00004752 steps_per_second=0.6568
step=5410 loss=0.005115 lr=0.00004736 steps_per_second=0.6571
step=5420 loss=0.005774 lr=0.00004719 steps_per_second=0.6574
step=5430 loss=0.004462 lr=0.00004703 steps_per_second=0.6578
step=5440 loss=0.004363 lr=0.00004686 steps_per_second=0.6582
step=5450 loss=0.004210 lr=0.00004670 steps_per_second=0.6586
step=5460 loss=0.004085 lr=0.00004653 steps_per_second=0.6591
step=5470 loss=0.005880 lr=0.00004637 steps_per_second=0.6595
step=5480 loss=0.006727 lr=0.00004620 steps_per_second=0.6598
step=5490 loss=0.004429 lr=0.00004604 steps_per_second=0.6602
step=5500 loss=0.005256 lr=0.00004587 steps_per_second=0.6606
step=5510 loss=0.005190 lr=0.00004571 steps_per_second=0.6610
step=5520 loss=0.007047 lr=0.00004554 steps_per_second=0.6614
step=5530 loss=0.006061 lr=0.00004538 steps_per_second=0.6618
step=5540 loss=0.004393 lr=0.00004521 steps_per_second=0.6623
step=5550 loss=0.007081 lr=0.00004505 steps_per_second=0.6625
step=5560 loss=0.004654 lr=0.00004488 steps_per_second=0.6628
step=5570 loss=0.005403 lr=0.00004472 steps_per_second=0.6631
step=5580 loss=0.005316 lr=0.00004455 steps_per_second=0.6634
step=5590 loss=0.003862 lr=0.00004439 steps_per_second=0.6638
step=5600 loss=0.003691 lr=0.00004423 steps_per_second=0.6642
step=5610 loss=0.004850 lr=0.00004406 steps_per_second=0.6646
step=5620 loss=0.005879 lr=0.00004390 steps_per_second=0.6650
step=5630 loss=0.006291 lr=0.00004373 steps_per_second=0.6654
step=5640 loss=0.004345 lr=0.00004357 steps_per_second=0.6657
step=5650 loss=0.007773 lr=0.00004341 steps_per_second=0.6660
step=5660 loss=0.005625 lr=0.00004324 steps_per_second=0.6665
step=5670 loss=0.004884 lr=0.00004308 steps_per_second=0.6668
step=5680 loss=0.004588 lr=0.00004291 steps_per_second=0.6672
step=5690 loss=0.006181 lr=0.00004275 steps_per_second=0.6675
step=5700 loss=0.005562 lr=0.00004259 steps_per_second=0.6673
step=5710 loss=0.004180 lr=0.00004242 steps_per_second=0.6675
step=5720 loss=0.006125 lr=0.00004226 steps_per_second=0.6679
step=5730 loss=0.004048 lr=0.00004210 steps_per_second=0.6683
step=5740 loss=0.007915 lr=0.00004193 steps_per_second=0.6687
step=5750 loss=0.004885 lr=0.00004177 steps_per_second=0.6681
step=5760 loss=0.005233 lr=0.00004161 steps_per_second=0.6685
step=5770 loss=0.003881 lr=0.00004144 steps_per_second=0.6688
step=5780 loss=0.003527 lr=0.00004128 steps_per_second=0.6692
step=5790 loss=0.004256 lr=0.00004112 steps_per_second=0.6696
step=5800 loss=0.004047 lr=0.00004096 steps_per_second=0.6700
step=5810 loss=0.004086 lr=0.00004079 steps_per_second=0.6703
step=5820 loss=0.003347 lr=0.00004063 steps_per_second=0.6707
step=5830 loss=0.003898 lr=0.00004047 steps_per_second=0.6710
step=5840 loss=0.004449 lr=0.00004031 steps_per_second=0.6714
step=5850 loss=0.005314 lr=0.00004014 steps_per_second=0.6718
step=5860 loss=0.004639 lr=0.00003998 steps_per_second=0.6721
step=5870 loss=0.005808 lr=0.00003982 steps_per_second=0.6725
step=5880 loss=0.005127 lr=0.00003966 steps_per_second=0.6729
step=5890 loss=0.004418 lr=0.00003950 steps_per_second=0.6730
step=5900 loss=0.007566 lr=0.00003934 steps_per_second=0.6732
step=5910 loss=0.004965 lr=0.00003917 steps_per_second=0.6735
step=5920 loss=0.005865 lr=0.00003901 steps_per_second=0.6739
step=5930 loss=0.005690 lr=0.00003885 steps_per_second=0.6743
step=5940 loss=0.005335 lr=0.00003869 steps_per_second=0.6746
step=5950 loss=0.005975 lr=0.00003853 steps_per_second=0.6750
step=5960 loss=0.004024 lr=0.00003837 steps_per_second=0.6753
step=5970 loss=0.003922 lr=0.00003821 steps_per_second=0.6756
step=5980 loss=0.004956 lr=0.00003805 steps_per_second=0.6759
step=5990 loss=0.004364 lr=0.00003789 steps_per_second=0.6763
step=6000 loss=0.004084 lr=0.00003773 steps_per_second=0.6766
step=6010 loss=0.004537 lr=0.00003757 steps_per_second=0.6747
step=6020 loss=0.005508 lr=0.00003741 steps_per_second=0.6751
step=6030 loss=0.005026 lr=0.00003725 steps_per_second=0.6754
step=6040 loss=0.006257 lr=0.00003709 steps_per_second=0.6758
step=6050 loss=0.003685 lr=0.00003693 steps_per_second=0.6762
step=6060 loss=0.005065 lr=0.00003677 steps_per_second=0.6765
step=6070 loss=0.004813 lr=0.00003661 steps_per_second=0.6768
step=6080 loss=0.003705 lr=0.00003645 steps_per_second=0.6770
step=6090 loss=0.004919 lr=0.00003629 steps_per_second=0.6774
step=6100 loss=0.007490 lr=0.00003613 steps_per_second=0.6778
step=6110 loss=0.005906 lr=0.00003597 steps_per_second=0.6781
step=6120 loss=0.005319 lr=0.00003581 steps_per_second=0.6785
step=6130 loss=0.003716 lr=0.00003565 steps_per_second=0.6788
step=6140 loss=0.006835 lr=0.00003550 steps_per_second=0.6792
step=6150 loss=0.004626 lr=0.00003534 steps_per_second=0.6796
step=6160 loss=0.004265 lr=0.00003518 steps_per_second=0.6799
step=6170 loss=0.006545 lr=0.00003502 steps_per_second=0.6794
step=6180 loss=0.004916 lr=0.00003486 steps_per_second=0.6798
step=6190 loss=0.005306 lr=0.00003471 steps_per_second=0.6801
step=6200 loss=0.004056 lr=0.00003455 steps_per_second=0.6804
step=6210 loss=0.003728 lr=0.00003439 steps_per_second=0.6807
step=6220 loss=0.003958 lr=0.00003423 steps_per_second=0.6810
step=6230 loss=0.005072 lr=0.00003408 steps_per_second=0.6814
step=6240 loss=0.004800 lr=0.00003392 steps_per_second=0.6817
step=6250 loss=0.005033 lr=0.00003377 steps_per_second=0.6820
step=6260 loss=0.004001 lr=0.00003361 steps_per_second=0.6823
step=6270 loss=0.003629 lr=0.00003345 steps_per_second=0.6826
step=6280 loss=0.004223 lr=0.00003330 steps_per_second=0.6829
step=6290 loss=0.003645 lr=0.00003314 steps_per_second=0.6832
step=6300 loss=0.004271 lr=0.00003299 steps_per_second=0.6835
step=6310 loss=0.005924 lr=0.00003283 steps_per_second=0.6838
step=6320 loss=0.005474 lr=0.00003267 steps_per_second=0.6841
step=6330 loss=0.006056 lr=0.00003252 steps_per_second=0.6845
step=6340 loss=0.006189 lr=0.00003236 steps_per_second=0.6848
step=6350 loss=0.007339 lr=0.00003221 steps_per_second=0.6851
step=6360 loss=0.003558 lr=0.00003206 steps_per_second=0.6853
step=6370 loss=0.003629 lr=0.00003190 steps_per_second=0.6856
step=6380 loss=0.004489 lr=0.00003175 steps_per_second=0.6860
step=6390 loss=0.004132 lr=0.00003159 steps_per_second=0.6864
step=6400 loss=0.006052 lr=0.00003144 steps_per_second=0.6867
step=6410 loss=0.003380 lr=0.00003129 steps_per_second=0.6870
step=6420 loss=0.003543 lr=0.00003113 steps_per_second=0.6874
step=6430 loss=0.004341 lr=0.00003098 steps_per_second=0.6877
step=6440 loss=0.006072 lr=0.00003083 steps_per_second=0.6880
step=6450 loss=0.005198 lr=0.00003068 steps_per_second=0.6884
step=6460 loss=0.004106 lr=0.00003052 steps_per_second=0.6887
step=6470 loss=0.003824 lr=0.00003037 steps_per_second=0.6890
step=6480 loss=0.004075 lr=0.00003022 steps_per_second=0.6892
step=6490 loss=0.006701 lr=0.00003007 steps_per_second=0.6888
step=6500 loss=0.003897 lr=0.00002992 steps_per_second=0.6892
step=6510 loss=0.005010 lr=0.00002976 steps_per_second=0.6895
step=6520 loss=0.004176 lr=0.00002961 steps_per_second=0.6898
step=6530 loss=0.006768 lr=0.00002946 steps_per_second=0.6902
step=6540 loss=0.004499 lr=0.00002931 steps_per_second=0.6905
step=6550 loss=0.004160 lr=0.00002916 steps_per_second=0.6908
step=6560 loss=0.004514 lr=0.00002901 steps_per_second=0.6911
step=6570 loss=0.003580 lr=0.00002886 steps_per_second=0.6913
step=6580 loss=0.004936 lr=0.00002871 steps_per_second=0.6916
step=6590 loss=0.003254 lr=0.00002856 steps_per_second=0.6919
step=6600 loss=0.004291 lr=0.00002841 steps_per_second=0.6922
step=6610 loss=0.003608 lr=0.00002826 steps_per_second=0.6925
step=6620 loss=0.004123 lr=0.00002811 steps_per_second=0.6927
step=6630 loss=0.004294 lr=0.00002797 steps_per_second=0.6931
step=6640 loss=0.005497 lr=0.00002782 steps_per_second=0.6927
step=6650 loss=0.005738 lr=0.00002767 steps_per_second=0.6930
step=6660 loss=0.006208 lr=0.00002752 steps_per_second=0.6929
step=6670 loss=0.003644 lr=0.00002737 steps_per_second=0.6933
step=6680 loss=0.003696 lr=0.00002723 steps_per_second=0.6936
step=6690 loss=0.003463 lr=0.00002708 steps_per_second=0.6938
step=6700 loss=0.004561 lr=0.00002693 steps_per_second=0.6942
step=6710 loss=0.005107 lr=0.00002679 steps_per_second=0.6945
step=6720 loss=0.005439 lr=0.00002664 steps_per_second=0.6949
step=6730 loss=0.005499 lr=0.00002649 steps_per_second=0.6952
step=6740 loss=0.004482 lr=0.00002635 steps_per_second=0.6951
step=6750 loss=0.004867 lr=0.00002620 steps_per_second=0.6947
step=6760 loss=0.007229 lr=0.00002606 steps_per_second=0.6949
step=6770 loss=0.005548 lr=0.00002591 steps_per_second=0.6952
step=6780 loss=0.003745 lr=0.00002577 steps_per_second=0.6955
step=6790 loss=0.005491 lr=0.00002562 steps_per_second=0.6958
step=6800 loss=0.004510 lr=0.00002548 steps_per_second=0.6960
step=6810 loss=0.003630 lr=0.00002533 steps_per_second=0.6964
step=6820 loss=0.004511 lr=0.00002519 steps_per_second=0.6965
step=6830 loss=0.003803 lr=0.00002505 steps_per_second=0.6968
step=6840 loss=0.003293 lr=0.00002490 steps_per_second=0.6971
step=6850 loss=0.003182 lr=0.00002476 steps_per_second=0.6974
step=6860 loss=0.004478 lr=0.00002462 steps_per_second=0.6976
step=6870 loss=0.005559 lr=0.00002448 steps_per_second=0.6980
step=6880 loss=0.005882 lr=0.00002433 steps_per_second=0.6983
step=6890 loss=0.004156 lr=0.00002419 steps_per_second=0.6985
step=6900 loss=0.004569 lr=0.00002405 steps_per_second=0.6988
step=6910 loss=0.006185 lr=0.00002391 steps_per_second=0.6992
step=6920 loss=0.003982 lr=0.00002377 steps_per_second=0.6995
step=6930 loss=0.004245 lr=0.00002363 steps_per_second=0.6998
step=6940 loss=0.004599 lr=0.00002349 steps_per_second=0.6999
step=6950 loss=0.003165 lr=0.00002335 steps_per_second=0.7001
step=6960 loss=0.003690 lr=0.00002321 steps_per_second=0.7005
step=6970 loss=0.004824 lr=0.00002307 steps_per_second=0.7007
step=6980 loss=0.003245 lr=0.00002293 steps_per_second=0.7009
step=6990 loss=0.003129 lr=0.00002279 steps_per_second=0.7013
step=7000 loss=0.004694 lr=0.00002265 steps_per_second=0.7016
step=7010 loss=0.004763 lr=0.00002251 steps_per_second=0.6983
step=7020 loss=0.004453 lr=0.00002238 steps_per_second=0.6986
step=7030 loss=0.004631 lr=0.00002224 steps_per_second=0.6989
step=7040 loss=0.004305 lr=0.00002210 steps_per_second=0.6992
step=7050 loss=0.003564 lr=0.00002196 steps_per_second=0.6992
step=7060 loss=0.006018 lr=0.00002183 steps_per_second=0.6995
step=7070 loss=0.004467 lr=0.00002169 steps_per_second=0.6998
step=7080 loss=0.003631 lr=0.00002155 steps_per_second=0.7002
step=7090 loss=0.003981 lr=0.00002142 steps_per_second=0.7004
step=7100 loss=0.004740 lr=0.00002128 steps_per_second=0.7007
step=7110 loss=0.004937 lr=0.00002115 steps_per_second=0.7010
step=7120 loss=0.003891 lr=0.00002101 steps_per_second=0.7014
step=7130 loss=0.004319 lr=0.00002088 steps_per_second=0.7016
step=7140 loss=0.003149 lr=0.00002074 steps_per_second=0.7018
step=7150 loss=0.004161 lr=0.00002061 steps_per_second=0.7021
step=7160 loss=0.002566 lr=0.00002048 steps_per_second=0.7024
step=7170 loss=0.005298 lr=0.00002034 steps_per_second=0.7027
step=7180 loss=0.002869 lr=0.00002021 steps_per_second=0.7030
step=7190 loss=0.004506 lr=0.00002008 steps_per_second=0.7030
step=7200 loss=0.005126 lr=0.00001995 steps_per_second=0.7032
step=7210 loss=0.004472 lr=0.00001981 steps_per_second=0.7034
step=7220 loss=0.004181 lr=0.00001968 steps_per_second=0.7037
step=7230 loss=0.005939 lr=0.00001955 steps_per_second=0.7040
step=7240 loss=0.004365 lr=0.00001942 steps_per_second=0.7041
step=7250 loss=0.005116 lr=0.00001929 steps_per_second=0.7043
step=7260 loss=0.003647 lr=0.00001916 steps_per_second=0.7046
step=7270 loss=0.005246 lr=0.00001903 steps_per_second=0.7046
step=7280 loss=0.004146 lr=0.00001890 steps_per_second=0.7049
step=7290 loss=0.004605 lr=0.00001877 steps_per_second=0.7052
step=7300 loss=0.003363 lr=0.00001864 steps_per_second=0.7054
step=7310 loss=0.003561 lr=0.00001851 steps_per_second=0.7056
step=7320 loss=0.004703 lr=0.00001838 steps_per_second=0.7059
step=7330 loss=0.005621 lr=0.00001826 steps_per_second=0.7061
step=7340 loss=0.004051 lr=0.00001813 steps_per_second=0.7064
step=7350 loss=0.003588 lr=0.00001800 steps_per_second=0.7067
step=7360 loss=0.003218 lr=0.00001787 steps_per_second=0.7070
step=7370 loss=0.006093 lr=0.00001775 steps_per_second=0.7073
step=7380 loss=0.003927 lr=0.00001762 steps_per_second=0.7075
step=7390 loss=0.004816 lr=0.00001750 steps_per_second=0.7078
step=7400 loss=0.004821 lr=0.00001737 steps_per_second=0.7081
step=7410 loss=0.003953 lr=0.00001725 steps_per_second=0.7084
step=7420 loss=0.005987 lr=0.00001712 steps_per_second=0.7087
step=7430 loss=0.003943 lr=0.00001700 steps_per_second=0.7089
step=7440 loss=0.003108 lr=0.00001687 steps_per_second=0.7091
step=7450 loss=0.003762 lr=0.00001675 steps_per_second=0.7094
step=7460 loss=0.003771 lr=0.00001663 steps_per_second=0.7097
step=7470 loss=0.003431 lr=0.00001650 steps_per_second=0.7100
step=7480 loss=0.003926 lr=0.00001638 steps_per_second=0.7100
step=7490 loss=0.003580 lr=0.00001626 steps_per_second=0.7103
step=7500 loss=0.005453 lr=0.00001614 steps_per_second=0.7106
step=7510 loss=0.006415 lr=0.00001601 steps_per_second=0.7105
step=7520 loss=0.003212 lr=0.00001589 steps_per_second=0.7107
step=7530 loss=0.003444 lr=0.00001577 steps_per_second=0.7110
step=7540 loss=0.003551 lr=0.00001565 steps_per_second=0.7113
step=7550 loss=0.004990 lr=0.00001553 steps_per_second=0.7116
step=7560 loss=0.003391 lr=0.00001541 steps_per_second=0.7119
step=7570 loss=0.003578 lr=0.00001529 steps_per_second=0.7121
step=7580 loss=0.004415 lr=0.00001517 steps_per_second=0.7123
step=7590 loss=0.004755 lr=0.00001506 steps_per_second=0.7125
step=7600 loss=0.004139 lr=0.00001494 steps_per_second=0.7123
step=7610 loss=0.004339 lr=0.00001482 steps_per_second=0.7124
step=7620 loss=0.003001 lr=0.00001470 steps_per_second=0.7127
step=7630 loss=0.004457 lr=0.00001459 steps_per_second=0.7130
step=7640 loss=0.003749 lr=0.00001447 steps_per_second=0.7133
step=7650 loss=0.005120 lr=0.00001435 steps_per_second=0.7136
step=7660 loss=0.003847 lr=0.00001424 steps_per_second=0.7138
step=7670 loss=0.004349 lr=0.00001412 steps_per_second=0.7140
step=7680 loss=0.003728 lr=0.00001401 steps_per_second=0.7143
step=7690 loss=0.002832 lr=0.00001389 steps_per_second=0.7146
step=7700 loss=0.003245 lr=0.00001378 steps_per_second=0.7149
step=7710 loss=0.002883 lr=0.00001366 steps_per_second=0.7147
step=7720 loss=0.006750 lr=0.00001355 steps_per_second=0.7150
step=7730 loss=0.003720 lr=0.00001344 steps_per_second=0.7152
step=7740 loss=0.003917 lr=0.00001333 steps_per_second=0.7155
step=7750 loss=0.004911 lr=0.00001321 steps_per_second=0.7157
step=7760 loss=0.004819 lr=0.00001310 steps_per_second=0.7158
step=7770 loss=0.003279 lr=0.00001299 steps_per_second=0.7159
step=7780 loss=0.003536 lr=0.00001288 steps_per_second=0.7160
step=7790 loss=0.004408 lr=0.00001277 steps_per_second=0.7162
step=7800 loss=0.005724 lr=0.00001266 steps_per_second=0.7165
step=7810 loss=0.003576 lr=0.00001255 steps_per_second=0.7168
step=7820 loss=0.003718 lr=0.00001244 steps_per_second=0.7170
step=7830 loss=0.004099 lr=0.00001233 steps_per_second=0.7169
step=7840 loss=0.003874 lr=0.00001222 steps_per_second=0.7168
step=7850 loss=0.003990 lr=0.00001211 steps_per_second=0.7171
step=7860 loss=0.004145 lr=0.00001201 steps_per_second=0.7174
step=7870 loss=0.003143 lr=0.00001190 steps_per_second=0.7176
step=7880 loss=0.005094 lr=0.00001179 steps_per_second=0.7179
step=7890 loss=0.005765 lr=0.00001169 steps_per_second=0.7181
step=7900 loss=0.003617 lr=0.00001158 steps_per_second=0.7184
step=7910 loss=0.004029 lr=0.00001147 steps_per_second=0.7185
step=7920 loss=0.004234 lr=0.00001137 steps_per_second=0.7188
step=7930 loss=0.003806 lr=0.00001126 steps_per_second=0.7190
step=7940 loss=0.004224 lr=0.00001116 steps_per_second=0.7191
step=7950 loss=0.003550 lr=0.00001106 steps_per_second=0.7186
step=7960 loss=0.003168 lr=0.00001095 steps_per_second=0.7187
step=7970 loss=0.003573 lr=0.00001085 steps_per_second=0.7190
step=7980 loss=0.005048 lr=0.00001075 steps_per_second=0.7193
step=7990 loss=0.003658 lr=0.00001064 steps_per_second=0.7195
step=8000 loss=0.003138 lr=0.00001054 steps_per_second=0.7197
step=8010 loss=0.003074 lr=0.00001044 steps_per_second=0.7137
step=8020 loss=0.005871 lr=0.00001034 steps_per_second=0.7139
step=8030 loss=0.003904 lr=0.00001024 steps_per_second=0.7140
step=8040 loss=0.005167 lr=0.00001014 steps_per_second=0.7143
step=8050 loss=0.002786 lr=0.00001004 steps_per_second=0.7145
step=8060 loss=0.004757 lr=0.00000994 steps_per_second=0.7148
step=8070 loss=0.003830 lr=0.00000984 steps_per_second=0.7150
step=8080 loss=0.003343 lr=0.00000974 steps_per_second=0.7153
step=8090 loss=0.004040 lr=0.00000965 steps_per_second=0.7151
step=8100 loss=0.004455 lr=0.00000955 steps_per_second=0.7152
step=8110 loss=0.005739 lr=0.00000945 steps_per_second=0.7153
step=8120 loss=0.003137 lr=0.00000936 steps_per_second=0.7155
step=8130 loss=0.004049 lr=0.00000926 steps_per_second=0.7157
step=8140 loss=0.003335 lr=0.00000916 steps_per_second=0.7160
step=8150 loss=0.005169 lr=0.00000907 steps_per_second=0.7162
step=8160 loss=0.004484 lr=0.00000897 steps_per_second=0.7165
step=8170 loss=0.004335 lr=0.00000888 steps_per_second=0.7164
step=8180 loss=0.003512 lr=0.00000879 steps_per_second=0.7167
step=8190 loss=0.003880 lr=0.00000869 steps_per_second=0.7168
step=8200 loss=0.003119 lr=0.00000860 steps_per_second=0.7171
step=8210 loss=0.005312 lr=0.00000851 steps_per_second=0.7174
step=8220 loss=0.006573 lr=0.00000842 steps_per_second=0.7176
step=8230 loss=0.003524 lr=0.00000832 steps_per_second=0.7177
step=8240 loss=0.004051 lr=0.00000823 steps_per_second=0.7180
step=8250 loss=0.003514 lr=0.00000814 steps_per_second=0.7182
step=8260 loss=0.003464 lr=0.00000805 steps_per_second=0.7184
step=8270 loss=0.003089 lr=0.00000796 steps_per_second=0.7187
step=8280 loss=0.006173 lr=0.00000787 steps_per_second=0.7188
step=8290 loss=0.004453 lr=0.00000778 steps_per_second=0.7188
step=8300 loss=0.003202 lr=0.00000770 steps_per_second=0.7190
step=8310 loss=0.003982 lr=0.00000761 steps_per_second=0.7193
step=8320 loss=0.004769 lr=0.00000752 steps_per_second=0.7196
step=8330 loss=0.003921 lr=0.00000743 steps_per_second=0.7198
step=8340 loss=0.003559 lr=0.00000735 steps_per_second=0.7198
step=8350 loss=0.004572 lr=0.00000726 steps_per_second=0.7197
step=8360 loss=0.004785 lr=0.00000717 steps_per_second=0.7198
step=8370 loss=0.004152 lr=0.00000709 steps_per_second=0.7201
step=8380 loss=0.003706 lr=0.00000701 steps_per_second=0.7203
step=8390 loss=0.003498 lr=0.00000692 steps_per_second=0.7206
step=8400 loss=0.003696 lr=0.00000684 steps_per_second=0.7208
step=8410 loss=0.002618 lr=0.00000675 steps_per_second=0.7211
step=8420 loss=0.003501 lr=0.00000667 steps_per_second=0.7211
step=8430 loss=0.004692 lr=0.00000659 steps_per_second=0.7213
step=8440 loss=0.003669 lr=0.00000651 steps_per_second=0.7215
step=8450 loss=0.003148 lr=0.00000643 steps_per_second=0.7218
step=8460 loss=0.004245 lr=0.00000634 steps_per_second=0.7220
step=8470 loss=0.003775 lr=0.00000626 steps_per_second=0.7222
step=8480 loss=0.003685 lr=0.00000618 steps_per_second=0.7224
step=8490 loss=0.003381 lr=0.00000611 steps_per_second=0.7226
step=8500 loss=0.004508 lr=0.00000603 steps_per_second=0.7228
step=8510 loss=0.003521 lr=0.00000595 steps_per_second=0.7230
step=8520 loss=0.003817 lr=0.00000587 steps_per_second=0.7233
step=8530 loss=0.002872 lr=0.00000579 steps_per_second=0.7236
step=8540 loss=0.003979 lr=0.00000572 steps_per_second=0.7238
step=8550 loss=0.003136 lr=0.00000564 steps_per_second=0.7239
step=8560 loss=0.004039 lr=0.00000556 steps_per_second=0.7241
step=8570 loss=0.003212 lr=0.00000549 steps_per_second=0.7243
step=8580 loss=0.003407 lr=0.00000541 steps_per_second=0.7245
step=8590 loss=0.004294 lr=0.00000534 steps_per_second=0.7247
step=8600 loss=0.004362 lr=0.00000526 steps_per_second=0.7249
step=8610 loss=0.003013 lr=0.00000519 steps_per_second=0.7251
step=8620 loss=0.004534 lr=0.00000512 steps_per_second=0.7254
step=8630 loss=0.004520 lr=0.00000504 steps_per_second=0.7255
step=8640 loss=0.004045 lr=0.00000497 steps_per_second=0.7258
step=8650 loss=0.004406 lr=0.00000490 steps_per_second=0.7259
step=8660 loss=0.003903 lr=0.00000483 steps_per_second=0.7261
step=8670 loss=0.004436 lr=0.00000476 steps_per_second=0.7264
step=8680 loss=0.004209 lr=0.00000469 steps_per_second=0.7266
step=8690 loss=0.004333 lr=0.00000462 steps_per_second=0.7268
step=8700 loss=0.002706 lr=0.00000455 steps_per_second=0.7270
step=8710 loss=0.003025 lr=0.00000448 steps_per_second=0.7273
step=8720 loss=0.002775 lr=0.00000441 steps_per_second=0.7275
step=8730 loss=0.003053 lr=0.00000435 steps_per_second=0.7277
step=8740 loss=0.003982 lr=0.00000428 steps_per_second=0.7279
step=8750 loss=0.003718 lr=0.00000421 steps_per_second=0.7281
step=8760 loss=0.003048 lr=0.00000415 steps_per_second=0.7283
step=8770 loss=0.004085 lr=0.00000408 steps_per_second=0.7285
step=8780 loss=0.004882 lr=0.00000401 steps_per_second=0.7288
step=8790 loss=0.004445 lr=0.00000395 steps_per_second=0.7290
step=8800 loss=0.005135 lr=0.00000389 steps_per_second=0.7293
step=8810 loss=0.003730 lr=0.00000382 steps_per_second=0.7295
step=8820 loss=0.003771 lr=0.00000376 steps_per_second=0.7293
step=8830 loss=0.004375 lr=0.00000370 steps_per_second=0.7295
step=8840 loss=0.003450 lr=0.00000363 steps_per_second=0.7298
step=8850 loss=0.003385 lr=0.00000357 steps_per_second=0.7297
step=8860 loss=0.004879 lr=0.00000351 steps_per_second=0.7298
step=8870 loss=0.004094 lr=0.00000345 steps_per_second=0.7301
step=8880 loss=0.003355 lr=0.00000339 steps_per_second=0.7303
step=8890 loss=0.003975 lr=0.00000333 steps_per_second=0.7303
step=8900 loss=0.003590 lr=0.00000327 steps_per_second=0.7304
step=8910 loss=0.002940 lr=0.00000321 steps_per_second=0.7306
step=8920 loss=0.005468 lr=0.00000316 steps_per_second=0.7299
step=8930 loss=0.003377 lr=0.00000310 steps_per_second=0.7301
step=8940 loss=0.003729 lr=0.00000304 steps_per_second=0.7303
step=8950 loss=0.004162 lr=0.00000298 steps_per_second=0.7305
step=8960 loss=0.004347 lr=0.00000293 steps_per_second=0.7308
step=8970 loss=0.003688 lr=0.00000287 steps_per_second=0.7310
step=8980 loss=0.004067 lr=0.00000282 steps_per_second=0.7312
step=8990 loss=0.003738 lr=0.00000276 steps_per_second=0.7314
step=9000 loss=0.003927 lr=0.00000271 steps_per_second=0.7317
step=9010 loss=0.002716 lr=0.00000266 steps_per_second=0.7318
step=9020 loss=0.004729 lr=0.00000260 steps_per_second=0.7321
step=9030 loss=0.004267 lr=0.00000255 steps_per_second=0.7323
step=9040 loss=0.003081 lr=0.00000250 steps_per_second=0.7325
step=9050 loss=0.004182 lr=0.00000245 steps_per_second=0.7327
step=9060 loss=0.004013 lr=0.00000240 steps_per_second=0.7330
step=9070 loss=0.003779 lr=0.00000235 steps_per_second=0.7332
step=9080 loss=0.003035 lr=0.00000230 steps_per_second=0.7334
step=9090 loss=0.003546 lr=0.00000225 steps_per_second=0.7336
step=9100 loss=0.004597 lr=0.00000220 steps_per_second=0.7332
step=9110 loss=0.003269 lr=0.00000215 steps_per_second=0.7335
step=9120 loss=0.003766 lr=0.00000210 steps_per_second=0.7337
step=9130 loss=0.003485 lr=0.00000206 steps_per_second=0.7340
step=9140 loss=0.003684 lr=0.00000201 steps_per_second=0.7342
step=9150 loss=0.004935 lr=0.00000196 steps_per_second=0.7341
step=9160 loss=0.002738 lr=0.00000192 steps_per_second=0.7341
step=9170 loss=0.003167 lr=0.00000187 steps_per_second=0.7342
step=9180 loss=0.003024 lr=0.00000183 steps_per_second=0.7344
step=9190 loss=0.004773 lr=0.00000178 steps_per_second=0.7346
step=9200 loss=0.003198 lr=0.00000174 steps_per_second=0.7348
step=9210 loss=0.004040 lr=0.00000170 steps_per_second=0.7351
step=9220 loss=0.003535 lr=0.00000165 steps_per_second=0.7352
step=9230 loss=0.004796 lr=0.00000161 steps_per_second=0.7354
step=9240 loss=0.003817 lr=0.00000157 steps_per_second=0.7357
step=9250 loss=0.003816 lr=0.00000153 steps_per_second=0.7359
step=9260 loss=0.003047 lr=0.00000149 steps_per_second=0.7360
step=9270 loss=0.003473 lr=0.00000145 steps_per_second=0.7362
step=9280 loss=0.003811 lr=0.00000141 steps_per_second=0.7363
step=9290 loss=0.005318 lr=0.00000137 steps_per_second=0.7364
step=9300 loss=0.003952 lr=0.00000133 steps_per_second=0.7367
step=9310 loss=0.003903 lr=0.00000130 steps_per_second=0.7368
step=9320 loss=0.004011 lr=0.00000126 steps_per_second=0.7370
step=9330 loss=0.003244 lr=0.00000122 steps_per_second=0.7372
step=9340 loss=0.003241 lr=0.00000119 steps_per_second=0.7374
step=9350 loss=0.003043 lr=0.00000115 steps_per_second=0.7377
step=9360 loss=0.005399 lr=0.00000112 steps_per_second=0.7379
step=9370 loss=0.003567 lr=0.00000108 steps_per_second=0.7381
step=9380 loss=0.002929 lr=0.00000105 steps_per_second=0.7380
step=9390 loss=0.003448 lr=0.00000101 steps_per_second=0.7382
step=9400 loss=0.004383 lr=0.00000098 steps_per_second=0.7384
step=9410 loss=0.003718 lr=0.00000095 steps_per_second=0.7386
step=9420 loss=0.004180 lr=0.00000092 steps_per_second=0.7389
step=9430 loss=0.003309 lr=0.00000089 steps_per_second=0.7390
step=9440 loss=0.004883 lr=0.00000085 steps_per_second=0.7392
step=9450 loss=0.004622 lr=0.00000082 steps_per_second=0.7394
step=9460 loss=0.004899 lr=0.00000080 steps_per_second=0.7396
step=9470 loss=0.003652 lr=0.00000077 steps_per_second=0.7398
step=9480 loss=0.005038 lr=0.00000074 steps_per_second=0.7400
step=9490 loss=0.004047 lr=0.00000071 steps_per_second=0.7402
step=9500 loss=0.004298 lr=0.00000068 steps_per_second=0.7404
step=9510 loss=0.002763 lr=0.00000065 steps_per_second=0.7406
step=9520 loss=0.003852 lr=0.00000063 steps_per_second=0.7408
step=9530 loss=0.003546 lr=0.00000060 steps_per_second=0.7410
step=9540 loss=0.003678 lr=0.00000058 steps_per_second=0.7412
step=9550 loss=0.004225 lr=0.00000055 steps_per_second=0.7414
step=9560 loss=0.003126 lr=0.00000053 steps_per_second=0.7416
step=9570 loss=0.003148 lr=0.00000050 steps_per_second=0.7418
step=9580 loss=0.004144 lr=0.00000048 steps_per_second=0.7420
step=9590 loss=0.003953 lr=0.00000046 steps_per_second=0.7418
step=9600 loss=0.003504 lr=0.00000044 steps_per_second=0.7420
step=9610 loss=0.004892 lr=0.00000042 steps_per_second=0.7423
step=9620 loss=0.003777 lr=0.00000039 steps_per_second=0.7425
step=9630 loss=0.003085 lr=0.00000037 steps_per_second=0.7427
step=9640 loss=0.005109 lr=0.00000035 steps_per_second=0.7426
step=9650 loss=0.002940 lr=0.00000033 steps_per_second=0.7422
step=9660 loss=0.004025 lr=0.00000032 steps_per_second=0.7425
step=9670 loss=0.003695 lr=0.00000030 steps_per_second=0.7424
step=9680 loss=0.003522 lr=0.00000028 steps_per_second=0.7426
step=9690 loss=0.003012 lr=0.00000026 steps_per_second=0.7425
step=9700 loss=0.003311 lr=0.00000025 steps_per_second=0.7427
step=9710 loss=0.005732 lr=0.00000023 steps_per_second=0.7430
step=9720 loss=0.003672 lr=0.00000021 steps_per_second=0.7431
step=9730 loss=0.003321 lr=0.00000020 steps_per_second=0.7433
step=9740 loss=0.003321 lr=0.00000018 steps_per_second=0.7435
step=9750 loss=0.003018 lr=0.00000017 steps_per_second=0.7438
step=9760 loss=0.004128 lr=0.00000016 steps_per_second=0.7440
step=9770 loss=0.003628 lr=0.00000014 steps_per_second=0.7437
step=9780 loss=0.003043 lr=0.00000013 steps_per_second=0.7439
step=9790 loss=0.003496 lr=0.00000012 steps_per_second=0.7441
step=9800 loss=0.003983 lr=0.00000011 steps_per_second=0.7443
step=9810 loss=0.004316 lr=0.00000010 steps_per_second=0.7446
step=9820 loss=0.003498 lr=0.00000009 steps_per_second=0.7448
step=9830 loss=0.003924 lr=0.00000008 steps_per_second=0.7449
step=9840 loss=0.003537 lr=0.00000007 steps_per_second=0.7452
step=9850 loss=0.002533 lr=0.00000006 steps_per_second=0.7453
step=9860 loss=0.004017 lr=0.00000005 steps_per_second=0.7453
step=9870 loss=0.003404 lr=0.00000005 steps_per_second=0.7454
step=9880 loss=0.004946 lr=0.00000004 steps_per_second=0.7456
step=9890 loss=0.003291 lr=0.00000003 steps_per_second=0.7458
step=9900 loss=0.003651 lr=0.00000003 steps_per_second=0.7461
step=9910 loss=0.003420 lr=0.00000002 steps_per_second=0.7462
step=9920 loss=0.003598 lr=0.00000002 steps_per_second=0.7464
step=9930 loss=0.004545 lr=0.00000001 steps_per_second=0.7466
step=9940 loss=0.004004 lr=0.00000001 steps_per_second=0.7467
step=9950 loss=0.004591 lr=0.00000001 steps_per_second=0.7468
step=9960 loss=0.003407 lr=0.00000000 steps_per_second=0.7471
step=9970 loss=0.003440 lr=0.00000000 steps_per_second=0.7472
step=9980 loss=0.003001 lr=0.00000000 steps_per_second=0.7475
step=9990 loss=0.004614 lr=0.00000000 steps_per_second=0.7477
step=10000 loss=0.003958 lr=0.00000000 steps_per_second=0.7479
Copying results to home: /mnt/beegfs-compat/jliu/Thesis_runs/ddpm_scratch_10000step_bs8_pureMSE -> /home/jliu/Thesis/results_hpc/ddpm_scratch_10000step_bs8_pureMSE
===== Finished =====
Sat May 16 02:06:39 AM UTC 2026
