===== Job info =====
compute-4-11.cluster.lan
Fri May 15 11:20:46 PM UTC 2026
HOME=/home/jliu
SCRATCH=/mnt/beegfs-compat/jliu
PWD=/home/jliu/Thesis
===== Python check =====
/home/jliu/.conda/envs/thesis-diffusion/bin/python
PYTHON=/home/jliu/.conda/envs/thesis-diffusion/bin/python
/home/jliu/.conda/envs/thesis-diffusion/bin/python
2.12.0+cu126
True
NVIDIA A40
===== Data check =====
DATA_DIR=/mnt/beegfs-compat/jliu/Thesis_data/data_no_speed_delta_displacement_paired/images
SPLIT_METADATA=/mnt/beegfs-compat/jliu/Thesis_data/data_no_speed_delta_displacement_paired/splits/split_metadata.csv
/mnt/beegfs-compat/jliu/Thesis_data/data_no_speed_delta_displacement_paired/images/sample_000922.png
/mnt/beegfs-compat/jliu/Thesis_data/data_no_speed_delta_displacement_paired/images/sample_001602.png
/mnt/beegfs-compat/jliu/Thesis_data/data_no_speed_delta_displacement_paired/images/sample_001616.png
/mnt/beegfs-compat/jliu/Thesis_data/data_no_speed_delta_displacement_paired/images/sample_002471.png
/mnt/beegfs-compat/jliu/Thesis_data/data_no_speed_delta_displacement_paired/images/sample_001080.png
/mnt/beegfs-compat/jliu/Thesis_data/data_no_speed_delta_displacement_paired/images/sample_002487.png
/mnt/beegfs-compat/jliu/Thesis_data/data_no_speed_delta_displacement_paired/images/sample_002149.png
/mnt/beegfs-compat/jliu/Thesis_data/data_no_speed_delta_displacement_paired/images/sample_001327.png
/mnt/beegfs-compat/jliu/Thesis_data/data_no_speed_delta_displacement_paired/images/sample_000353.png
/mnt/beegfs-compat/jliu/Thesis_data/data_no_speed_delta_displacement_paired/images/sample_000326.png
Number of images:
3159
Split metadata preview:
sample_id,vehicle_id,original_num_points,image_path,label_delta_displacement_path,label_absolute_path,start_path,encoding_method,coordinate_type,delta_x_min,delta_x_max,delta_y_min,delta_y_max,absolute_x_min,absolute_x_max,absolute_y_min,absolute_y_max,valid_or_skipped,skip_reason,split
sample_000000,car6,224,images/sample_000000.png,labels_delta_displacement/sample_000000.npy,labels_absolute/sample_000000.npy,starts/sample_000000.npy,hilbert_gasf_gadf_mtf_no_speed_delta_displacement_xy,delta_displacement_xy,-34.42000000000007,34.38999999999987,-35.88000000000011,33.97,2.32,2953.0,7.41,1783.03,valid,,train
sample_000001,car13,224,images/sample_000001.png,labels_delta_displacement/sample_000001.npy,labels_absolute/sample_000001.npy,starts/sample_000001.npy,hilbert_gasf_gadf_mtf_no_speed_delta_displacement_xy,delta_displacement_xy,-34.42000000000007,34.38999999999987,-35.88000000000011,33.97,2.32,2953.0,7.41,1783.03,valid,,train
sample_000002,car18,224,images/sample_000002.png,labels_delta_displacement/sample_000002.npy,labels_absolute/sample_000002.npy,starts/sample_000002.npy,hilbert_gasf_gadf_mtf_no_speed_delta_displacement_xy,delta_displacement_xy,-34.42000000000007,34.38999999999987,-35.88000000000011,33.97,2.32,2953.0,7.41,1783.03,valid,,train
sample_000003,car19,224,images/sample_000003.png,labels_delta_displacement/sample_000003.npy,labels_absolute/sample_000003.npy,starts/sample_000003.npy,hilbert_gasf_gadf_mtf_no_speed_delta_displacement_xy,delta_displacement_xy,-34.42000000000007,34.38999999999987,-35.88000000000011,33.97,2.32,2953.0,7.41,1783.03,valid,,train
===== Start training =====
DDPM scratch training startup diagnostics
hostname: compute-4-11.cluster.lan
cwd: /home/jliu/Thesis
torch_version: 2.12.0+cu126
torch.cuda.is_available(): True
gpu_name: NVIDIA A40
cuda_device_count: 1
resolved_data_dir: /mnt/beegfs-compat/jliu/Thesis_data/data_no_speed_delta_displacement_paired/images
resolved_output_dir: /mnt/beegfs-compat/jliu/Thesis_runs/ddpm_scratch_10000step_bs8_dataDrivenDiag
num_input_images: 3159
training_hyperparameters:
  image_size: 224
  batch_size: 8
  lr: 0.0001
  max_train_steps: 10000
  gradient_accumulation_steps: 2
  save_every: 1000
  sample_every: 1000
  use_ema: False
  aux_loss_mode: data_driven_diag
  symmetry_weight: 0.01
  diag_weight: 0.01
  disable_symmetry_loss: False
  resume_from_checkpoint: None
  seed: 42
  num_train_timesteps: 1000
  lr_warmup_steps: 500
  max_grad_norm: 1.0
  num_workers: 0
  log_every: 10
  num_sample_images: 4
  sample_inference_steps: 20
  run_name: ddpm_scratch_10000step_bs8_dataDrivenDiag
  scratch_root: /mnt/beegfs-compat/jliu
  copy_results_to_home: True
  home_results_dir: None

