===== Job info =====
compute-4-11.cluster.lan
Sat May 16 12:17:10 AM UTC 2026
HOME=/home/jliu
SCRATCH=/mnt/beegfs-compat/jliu
PWD=/home/jliu/Thesis
===== Python check =====
/home/jliu/.conda/envs/thesis-diffusion/bin/python
PYTHON=/home/jliu/.conda/envs/thesis-diffusion/bin/python
/home/jliu/.conda/envs/thesis-diffusion/bin/python
2.12.0+cu126
True
NVIDIA A40
===== Data check =====
DATA_DIR=/mnt/beegfs-compat/jliu/Thesis_data/data_no_speed_delta_displacement_paired/images
SPLIT_METADATA=/mnt/beegfs-compat/jliu/Thesis_data/data_no_speed_delta_displacement_paired/splits/split_metadata.csv
DIAG_TARGET_FILE=/mnt/beegfs-compat/jliu/Thesis_data/data_no_speed_delta_displacement_paired/diagnostics/diag_targets_train_split.json
/mnt/beegfs-compat/jliu/Thesis_data/data_no_speed_delta_displacement_paired/images/sample_000922.png
/mnt/beegfs-compat/jliu/Thesis_data/data_no_speed_delta_displacement_paired/images/sample_001602.png
/mnt/beegfs-compat/jliu/Thesis_data/data_no_speed_delta_displacement_paired/images/sample_001616.png
/mnt/beegfs-compat/jliu/Thesis_data/data_no_speed_delta_displacement_paired/images/sample_002471.png
/mnt/beegfs-compat/jliu/Thesis_data/data_no_speed_delta_displacement_paired/images/sample_001080.png
/mnt/beegfs-compat/jliu/Thesis_data/data_no_speed_delta_displacement_paired/images/sample_002487.png
/mnt/beegfs-compat/jliu/Thesis_data/data_no_speed_delta_displacement_paired/images/sample_002149.png
/mnt/beegfs-compat/jliu/Thesis_data/data_no_speed_delta_displacement_paired/images/sample_001327.png
/mnt/beegfs-compat/jliu/Thesis_data/data_no_speed_delta_displacement_paired/images/sample_000353.png
/mnt/beegfs-compat/jliu/Thesis_data/data_no_speed_delta_displacement_paired/images/sample_000326.png
Number of images:
3159
Split metadata preview:
sample_id,vehicle_id,original_num_points,image_path,label_delta_displacement_path,label_absolute_path,start_path,encoding_method,coordinate_type,delta_x_min,delta_x_max,delta_y_min,delta_y_max,absolute_x_min,absolute_x_max,absolute_y_min,absolute_y_max,valid_or_skipped,skip_reason,split
sample_000000,car6,224,images/sample_000000.png,labels_delta_displacement/sample_000000.npy,labels_absolute/sample_000000.npy,starts/sample_000000.npy,hilbert_gasf_gadf_mtf_no_speed_delta_displacement_xy,delta_displacement_xy,-34.42000000000007,34.38999999999987,-35.88000000000011,33.97,2.32,2953.0,7.41,1783.03,valid,,train
sample_000001,car13,224,images/sample_000001.png,labels_delta_displacement/sample_000001.npy,labels_absolute/sample_000001.npy,starts/sample_000001.npy,hilbert_gasf_gadf_mtf_no_speed_delta_displacement_xy,delta_displacement_xy,-34.42000000000007,34.38999999999987,-35.88000000000011,33.97,2.32,2953.0,7.41,1783.03,valid,,train
sample_000002,car18,224,images/sample_000002.png,labels_delta_displacement/sample_000002.npy,labels_absolute/sample_000002.npy,starts/sample_000002.npy,hilbert_gasf_gadf_mtf_no_speed_delta_displacement_xy,delta_displacement_xy,-34.42000000000007,34.38999999999987,-35.88000000000011,33.97,2.32,2953.0,7.41,1783.03,valid,,train
sample_000003,car19,224,images/sample_000003.png,labels_delta_displacement/sample_000003.npy,labels_absolute/sample_000003.npy,starts/sample_000003.npy,hilbert_gasf_gadf_mtf_no_speed_delta_displacement_xy,delta_displacement_xy,-34.42000000000007,34.38999999999987,-35.88000000000011,33.97,2.32,2953.0,7.41,1783.03,valid,,train
Diag target JSON:
{
  "diag_targets": [
    -0.3689744770526886,
    0.003921627998352051,
    0.7749511003494263
  ],
  "source": "train_split_metadata_precomputed",
  "num_images": 2527,
  "split_metadata": "/mnt/beegfs-compat/jliu/Thesis_data/data_no_speed_delta_displacement_paired/splits/split_metadata.csv",
  "data_dir": "/mnt/beegfs-compat/jliu/Thesis_data/data_no_speed_delta_displacement_paired/images",
  "image_size": 224
}
===== Start training =====
DDPM scratch training startup diagnostics
hostname: compute-4-11.cluster.lan
cwd: /home/jliu/Thesis
torch_version: 2.12.0+cu126
torch.cuda.is_available(): True
gpu_name: NVIDIA A40
cuda_device_count: 1
resolved_data_dir: /mnt/beegfs-compat/jliu/Thesis_data/data_no_speed_delta_displacement_paired/images
resolved_output_dir: /mnt/beegfs-compat/jliu/Thesis_runs/ddpm_scratch_10000step_bs8_dataDrivenDiag_precomputed
num_input_images: 3159
training_hyperparameters:
  image_size: 224
  batch_size: 8
  lr: 0.0001
  max_train_steps: 10000
  gradient_accumulation_steps: 2
  save_every: 1000
  sample_every: 1000
  use_ema: False
  aux_loss_mode: data_driven_diag
  diag_target_file: /mnt/beegfs-compat/jliu/Thesis_data/data_no_speed_delta_displacement_paired/diagnostics/diag_targets_train_split.json
  symmetry_weight: 0.01
  diag_weight: 0.01
  disable_symmetry_loss: False
  resume_from_checkpoint: None
  seed: 42
  num_train_timesteps: 1000
  lr_warmup_steps: 500
  max_grad_norm: 1.0
  num_workers: 0
  log_every: 10
  num_sample_images: 4
  sample_inference_steps: 20
  run_name: ddpm_scratch_10000step_bs8_dataDrivenDiag_precomputed
  scratch_root: /mnt/beegfs-compat/jliu
  copy_results_to_home: True
  home_results_dir: None

step=1 loss=1.210075 lr=0.00000020 steps_per_second=0.3547
step=10 loss=1.191573 lr=0.00000200 steps_per_second=0.1940
step=20 loss=1.117079 lr=0.00000400 steps_per_second=0.1827
step=30 loss=0.994061 lr=0.00000600 steps_per_second=0.1685
step=40 loss=0.841840 lr=0.00000800 steps_per_second=0.1647
step=50 loss=0.685696 lr=0.00001000 steps_per_second=0.1549
step=60 loss=0.531711 lr=0.00001200 steps_per_second=0.1558
step=70 loss=0.374179 lr=0.00001400 steps_per_second=0.1546
step=80 loss=0.236942 lr=0.00001600 steps_per_second=0.1408
step=90 loss=0.179605 lr=0.00001800 steps_per_second=0.1408
step=100 loss=0.160742 lr=0.00002000 steps_per_second=0.1345
step=110 loss=0.133436 lr=0.00002200 steps_per_second=0.1308
step=120 loss=0.134155 lr=0.00002400 steps_per_second=0.1304
step=130 loss=0.114451 lr=0.00002600 steps_per_second=0.1274
step=140 loss=0.095941 lr=0.00002800 steps_per_second=0.1221
step=150 loss=0.090915 lr=0.00003000 steps_per_second=0.1214
step=160 loss=0.087301 lr=0.00003200 steps_per_second=0.1178
step=170 loss=0.087405 lr=0.00003400 steps_per_second=0.1153
step=180 loss=0.078294 lr=0.00003600 steps_per_second=0.1145
step=190 loss=0.078313 lr=0.00003800 steps_per_second=0.1148
step=200 loss=0.081616 lr=0.00004000 steps_per_second=0.1154
step=210 loss=0.067950 lr=0.00004200 steps_per_second=0.1205
step=220 loss=0.072963 lr=0.00004400 steps_per_second=0.1256
step=230 loss=0.067544 lr=0.00004600 steps_per_second=0.1306
step=240 loss=0.073329 lr=0.00004800 steps_per_second=0.1355
step=250 loss=0.069743 lr=0.00005000 steps_per_second=0.1403
step=260 loss=0.073032 lr=0.00005200 steps_per_second=0.1451
step=270 loss=0.055104 lr=0.00005400 steps_per_second=0.1498
step=280 loss=0.050937 lr=0.00005600 steps_per_second=0.1545
step=290 loss=0.055285 lr=0.00005800 steps_per_second=0.1592
step=300 loss=0.048479 lr=0.00006000 steps_per_second=0.1634
step=310 loss=0.056617 lr=0.00006200 steps_per_second=0.1674
step=320 loss=0.049465 lr=0.00006400 steps_per_second=0.1719
step=330 loss=0.048710 lr=0.00006600 steps_per_second=0.1764
step=340 loss=0.050247 lr=0.00006800 steps_per_second=0.1808
step=350 loss=0.058957 lr=0.00007000 steps_per_second=0.1852
step=360 loss=0.046250 lr=0.00007200 steps_per_second=0.1888
step=370 loss=0.046302 lr=0.00007400 steps_per_second=0.1922
step=380 loss=0.052826 lr=0.00007600 steps_per_second=0.1964
step=390 loss=0.040762 lr=0.00007800 steps_per_second=0.2000
step=400 loss=0.044433 lr=0.00008000 steps_per_second=0.2039
step=410 loss=0.038557 lr=0.00008200 steps_per_second=0.2076
step=420 loss=0.038541 lr=0.00008400 steps_per_second=0.2116
step=430 loss=0.047352 lr=0.00008600 steps_per_second=0.2157
step=440 loss=0.041571 lr=0.00008800 steps_per_second=0.2196
step=450 loss=0.039396 lr=0.00009000 steps_per_second=0.2234
step=460 loss=0.031670 lr=0.00009200 steps_per_second=0.2270
step=470 loss=0.041969 lr=0.00009400 steps_per_second=0.2308
step=480 loss=0.046787 lr=0.00009600 steps_per_second=0.2345
step=490 loss=0.043700 lr=0.00009800 steps_per_second=0.2377
step=500 loss=0.035838 lr=0.00010000 steps_per_second=0.2414
step=510 loss=0.041191 lr=0.00010000 steps_per_second=0.2451
step=520 loss=0.034503 lr=0.00010000 steps_per_second=0.2487
step=530 loss=0.028232 lr=0.00010000 steps_per_second=0.2523
step=540 loss=0.031709 lr=0.00010000 steps_per_second=0.2559
step=550 loss=0.029740 lr=0.00009999 steps_per_second=0.2594
step=560 loss=0.030118 lr=0.00009999 steps_per_second=0.2629
step=570 loss=0.035764 lr=0.00009999 steps_per_second=0.2664
step=580 loss=0.032787 lr=0.00009998 steps_per_second=0.2692
step=590 loss=0.028974 lr=0.00009998 steps_per_second=0.2724
step=600 loss=0.039540 lr=0.00009997 steps_per_second=0.2758
step=610 loss=0.030211 lr=0.00009997 steps_per_second=0.2792
step=620 loss=0.030061 lr=0.00009996 steps_per_second=0.2825
step=630 loss=0.033336 lr=0.00009995 steps_per_second=0.2856
step=640 loss=0.029550 lr=0.00009995 steps_per_second=0.2889
step=650 loss=0.032146 lr=0.00009994 steps_per_second=0.2921
step=660 loss=0.028340 lr=0.00009993 steps_per_second=0.2953
step=670 loss=0.023764 lr=0.00009992 steps_per_second=0.2983
step=680 loss=0.025628 lr=0.00009991 steps_per_second=0.3014
step=690 loss=0.025039 lr=0.00009990 steps_per_second=0.3046
step=700 loss=0.023029 lr=0.00009989 steps_per_second=0.3077
step=710 loss=0.027706 lr=0.00009988 steps_per_second=0.3108
step=720 loss=0.029902 lr=0.00009987 steps_per_second=0.3139
step=730 loss=0.022527 lr=0.00009986 steps_per_second=0.3164
step=740 loss=0.021358 lr=0.00009984 steps_per_second=0.3190
step=750 loss=0.025375 lr=0.00009983 steps_per_second=0.3220
step=760 loss=0.021219 lr=0.00009982 steps_per_second=0.3249
step=770 loss=0.020749 lr=0.00009980 steps_per_second=0.3279
step=780 loss=0.024834 lr=0.00009979 steps_per_second=0.3308
step=790 loss=0.021000 lr=0.00009977 steps_per_second=0.3337
step=800 loss=0.022397 lr=0.00009975 steps_per_second=0.3365
step=810 loss=0.020921 lr=0.00009974 steps_per_second=0.3394
step=820 loss=0.019358 lr=0.00009972 steps_per_second=0.3422
step=830 loss=0.021888 lr=0.00009970 steps_per_second=0.3450
step=840 loss=0.019696 lr=0.00009968 steps_per_second=0.3476
step=850 loss=0.018629 lr=0.00009967 steps_per_second=0.3503
step=860 loss=0.020735 lr=0.00009965 steps_per_second=0.3523
step=870 loss=0.020397 lr=0.00009963 steps_per_second=0.3548
step=880 loss=0.030489 lr=0.00009961 steps_per_second=0.3574
step=890 loss=0.017067 lr=0.00009958 steps_per_second=0.3601
step=900 loss=0.019355 lr=0.00009956 steps_per_second=0.3626
step=910 loss=0.017710 lr=0.00009954 steps_per_second=0.3650
step=920 loss=0.018766 lr=0.00009952 steps_per_second=0.3676
step=930 loss=0.019046 lr=0.00009950 steps_per_second=0.3702
step=940 loss=0.022408 lr=0.00009947 steps_per_second=0.3728
step=950 loss=0.015341 lr=0.00009945 steps_per_second=0.3752
step=960 loss=0.018687 lr=0.00009942 steps_per_second=0.3777
step=970 loss=0.020381 lr=0.00009940 steps_per_second=0.3802
step=980 loss=0.015425 lr=0.00009937 steps_per_second=0.3824
step=990 loss=0.017765 lr=0.00009935 steps_per_second=0.3849
step=1000 loss=0.018326 lr=0.00009932 steps_per_second=0.3873
step=1010 loss=0.015292 lr=0.00009929 steps_per_second=0.3841
step=1020 loss=0.014240 lr=0.00009926 steps_per_second=0.3865
step=1030 loss=0.023167 lr=0.00009923 steps_per_second=0.3889
step=1040 loss=0.015450 lr=0.00009920 steps_per_second=0.3913
step=1050 loss=0.023572 lr=0.00009918 steps_per_second=0.3936
step=1060 loss=0.019163 lr=0.00009915 steps_per_second=0.3950
step=1070 loss=0.019847 lr=0.00009911 steps_per_second=0.3969
step=1080 loss=0.018317 lr=0.00009908 steps_per_second=0.3987
step=1090 loss=0.016165 lr=0.00009905 steps_per_second=0.4010
step=1100 loss=0.013246 lr=0.00009902 steps_per_second=0.4030
step=1110 loss=0.013634 lr=0.00009899 steps_per_second=0.4052
step=1120 loss=0.020911 lr=0.00009895 steps_per_second=0.4073
step=1130 loss=0.017983 lr=0.00009892 steps_per_second=0.4093
step=1140 loss=0.019702 lr=0.00009888 steps_per_second=0.4115
step=1150 loss=0.019936 lr=0.00009885 steps_per_second=0.4136
step=1160 loss=0.017004 lr=0.00009881 steps_per_second=0.4157
step=1170 loss=0.014706 lr=0.00009878 steps_per_second=0.4176
step=1180 loss=0.014259 lr=0.00009874 steps_per_second=0.4197
step=1190 loss=0.016143 lr=0.00009870 steps_per_second=0.4216
step=1200 loss=0.015130 lr=0.00009867 steps_per_second=0.4235
step=1210 loss=0.017712 lr=0.00009863 steps_per_second=0.4256
step=1220 loss=0.015420 lr=0.00009859 steps_per_second=0.4277
step=1230 loss=0.016499 lr=0.00009855 steps_per_second=0.4290
step=1240 loss=0.019360 lr=0.00009851 steps_per_second=0.4311
step=1250 loss=0.016003 lr=0.00009847 steps_per_second=0.4331
step=1260 loss=0.014854 lr=0.00009843 steps_per_second=0.4351
step=1270 loss=0.015941 lr=0.00009839 steps_per_second=0.4371
step=1280 loss=0.014780 lr=0.00009835 steps_per_second=0.4391
step=1290 loss=0.012931 lr=0.00009830 steps_per_second=0.4411
step=1300 loss=0.016396 lr=0.00009826 steps_per_second=0.4424
step=1310 loss=0.017778 lr=0.00009822 steps_per_second=0.4443
step=1320 loss=0.013446 lr=0.00009817 steps_per_second=0.4462
step=1330 loss=0.017497 lr=0.00009813 steps_per_second=0.4482
step=1340 loss=0.014195 lr=0.00009808 steps_per_second=0.4496
step=1350 loss=0.013088 lr=0.00009804 steps_per_second=0.4514
step=1360 loss=0.012519 lr=0.00009799 steps_per_second=0.4532
step=1370 loss=0.016155 lr=0.00009794 steps_per_second=0.4550
step=1380 loss=0.015142 lr=0.00009790 steps_per_second=0.4569
step=1390 loss=0.012709 lr=0.00009785 steps_per_second=0.4585
step=1400 loss=0.015778 lr=0.00009780 steps_per_second=0.4603
step=1410 loss=0.011242 lr=0.00009775 steps_per_second=0.4621
step=1420 loss=0.012424 lr=0.00009770 steps_per_second=0.4627
step=1430 loss=0.011766 lr=0.00009765 steps_per_second=0.4641
step=1440 loss=0.014654 lr=0.00009760 steps_per_second=0.4652
step=1450 loss=0.012933 lr=0.00009755 steps_per_second=0.4670
step=1460 loss=0.011223 lr=0.00009750 steps_per_second=0.4688
step=1470 loss=0.013616 lr=0.00009745 steps_per_second=0.4702
step=1480 loss=0.016841 lr=0.00009740 steps_per_second=0.4719
step=1490 loss=0.010802 lr=0.00009734 steps_per_second=0.4737
step=1500 loss=0.012684 lr=0.00009729 steps_per_second=0.4754
step=1510 loss=0.011801 lr=0.00009724 steps_per_second=0.4768
step=1520 loss=0.014956 lr=0.00009718 steps_per_second=0.4785
step=1530 loss=0.017866 lr=0.00009713 steps_per_second=0.4802
step=1540 loss=0.012390 lr=0.00009707 steps_per_second=0.4817
step=1550 loss=0.015310 lr=0.00009702 steps_per_second=0.4833
step=1560 loss=0.020002 lr=0.00009696 steps_per_second=0.4850
step=1570 loss=0.019358 lr=0.00009690 steps_per_second=0.4866
step=1580 loss=0.015470 lr=0.00009684 steps_per_second=0.4883
step=1590 loss=0.009674 lr=0.00009679 steps_per_second=0.4890
step=1600 loss=0.014013 lr=0.00009673 steps_per_second=0.4906
step=1610 loss=0.010991 lr=0.00009667 steps_per_second=0.4922
step=1620 loss=0.013989 lr=0.00009661 steps_per_second=0.4938
step=1630 loss=0.017768 lr=0.00009655 steps_per_second=0.4951
step=1640 loss=0.013431 lr=0.00009649 steps_per_second=0.4956
step=1650 loss=0.017521 lr=0.00009643 steps_per_second=0.4968
step=1660 loss=0.012720 lr=0.00009637 steps_per_second=0.4980
step=1670 loss=0.017185 lr=0.00009630 steps_per_second=0.4979
step=1680 loss=0.011658 lr=0.00009624 steps_per_second=0.4994
step=1690 loss=0.012812 lr=0.00009618 steps_per_second=0.5008
step=1700 loss=0.015945 lr=0.00009611 steps_per_second=0.5022
step=1710 loss=0.011664 lr=0.00009605 steps_per_second=0.5036
step=1720 loss=0.010060 lr=0.00009599 steps_per_second=0.5052
step=1730 loss=0.012128 lr=0.00009592 steps_per_second=0.5067
step=1740 loss=0.008636 lr=0.00009585 steps_per_second=0.5081
step=1750 loss=0.013625 lr=0.00009579 steps_per_second=0.5093
step=1760 loss=0.016701 lr=0.00009572 steps_per_second=0.5101
step=1770 loss=0.013561 lr=0.00009565 steps_per_second=0.5108
step=1780 loss=0.014632 lr=0.00009559 steps_per_second=0.5122
step=1790 loss=0.016603 lr=0.00009552 steps_per_second=0.5133
step=1800 loss=0.012070 lr=0.00009545 steps_per_second=0.5147
step=1810 loss=0.013002 lr=0.00009538 steps_per_second=0.5162
step=1820 loss=0.016697 lr=0.00009531 steps_per_second=0.5176
step=1830 loss=0.020066 lr=0.00009524 steps_per_second=0.5185
step=1840 loss=0.011402 lr=0.00009517 steps_per_second=0.5195
step=1850 loss=0.014855 lr=0.00009510 steps_per_second=0.5207
step=1860 loss=0.013122 lr=0.00009503 steps_per_second=0.5221
step=1870 loss=0.011229 lr=0.00009496 steps_per_second=0.5235
step=1880 loss=0.011112 lr=0.00009488 steps_per_second=0.5249
step=1890 loss=0.016741 lr=0.00009481 steps_per_second=0.5263
step=1900 loss=0.014145 lr=0.00009474 steps_per_second=0.5277
step=1910 loss=0.012396 lr=0.00009466 steps_per_second=0.5289
step=1920 loss=0.012585 lr=0.00009459 steps_per_second=0.5293
step=1930 loss=0.011235 lr=0.00009451 steps_per_second=0.5300
step=1940 loss=0.010059 lr=0.00009444 steps_per_second=0.5312
step=1950 loss=0.010992 lr=0.00009436 steps_per_second=0.5325
step=1960 loss=0.012916 lr=0.00009428 steps_per_second=0.5338
step=1970 loss=0.010113 lr=0.00009421 steps_per_second=0.5351
step=1980 loss=0.015455 lr=0.00009413 steps_per_second=0.5365
step=1990 loss=0.016766 lr=0.00009405 steps_per_second=0.5377
step=2000 loss=0.016069 lr=0.00009397 steps_per_second=0.5389
step=2010 loss=0.012089 lr=0.00009389 steps_per_second=0.5388
step=2020 loss=0.014359 lr=0.00009382 steps_per_second=0.5400
step=2030 loss=0.017006 lr=0.00009374 steps_per_second=0.5413
step=2040 loss=0.012556 lr=0.00009366 steps_per_second=0.5425
step=2050 loss=0.012396 lr=0.00009357 steps_per_second=0.5437
step=2060 loss=0.009662 lr=0.00009349 steps_per_second=0.5450
step=2070 loss=0.009601 lr=0.00009341 steps_per_second=0.5460
step=2080 loss=0.015232 lr=0.00009333 steps_per_second=0.5472
step=2090 loss=0.013756 lr=0.00009325 steps_per_second=0.5477
step=2100 loss=0.011286 lr=0.00009316 steps_per_second=0.5487
step=2110 loss=0.008425 lr=0.00009308 steps_per_second=0.5499
step=2120 loss=0.010703 lr=0.00009299 steps_per_second=0.5511
step=2130 loss=0.010199 lr=0.00009291 steps_per_second=0.5524
step=2140 loss=0.008966 lr=0.00009283 steps_per_second=0.5536
step=2150 loss=0.010634 lr=0.00009274 steps_per_second=0.5546
step=2160 loss=0.008828 lr=0.00009265 steps_per_second=0.5554
step=2170 loss=0.011740 lr=0.00009257 steps_per_second=0.5566
step=2180 loss=0.010592 lr=0.00009248 steps_per_second=0.5578
step=2190 loss=0.015050 lr=0.00009239 steps_per_second=0.5589
step=2200 loss=0.011165 lr=0.00009230 steps_per_second=0.5599
step=2210 loss=0.009385 lr=0.00009222 steps_per_second=0.5607
step=2220 loss=0.010561 lr=0.00009213 steps_per_second=0.5618
step=2230 loss=0.013762 lr=0.00009204 steps_per_second=0.5629
step=2240 loss=0.008141 lr=0.00009195 steps_per_second=0.5641
step=2250 loss=0.009475 lr=0.00009186 steps_per_second=0.5652
step=2260 loss=0.008575 lr=0.00009177 steps_per_second=0.5664
step=2270 loss=0.007253 lr=0.00009168 steps_per_second=0.5675
step=2280 loss=0.009226 lr=0.00009158 steps_per_second=0.5686
step=2290 loss=0.012220 lr=0.00009149 steps_per_second=0.5697
step=2300 loss=0.010253 lr=0.00009140 steps_per_second=0.5700
step=2310 loss=0.009088 lr=0.00009131 steps_per_second=0.5709
step=2320 loss=0.012648 lr=0.00009121 steps_per_second=0.5720
step=2330 loss=0.014532 lr=0.00009112 steps_per_second=0.5731
step=2340 loss=0.009825 lr=0.00009103 steps_per_second=0.5740
step=2350 loss=0.009214 lr=0.00009093 steps_per_second=0.5742
step=2360 loss=0.015383 lr=0.00009084 steps_per_second=0.5748
step=2370 loss=0.010482 lr=0.00009074 steps_per_second=0.5759
step=2380 loss=0.012288 lr=0.00009064 steps_per_second=0.5770
step=2390 loss=0.010022 lr=0.00009055 steps_per_second=0.5781
step=2400 loss=0.010024 lr=0.00009045 steps_per_second=0.5788
step=2410 loss=0.009096 lr=0.00009035 steps_per_second=0.5798
step=2420 loss=0.009691 lr=0.00009026 steps_per_second=0.5808
step=2430 loss=0.007289 lr=0.00009016 steps_per_second=0.5819
step=2440 loss=0.010450 lr=0.00009006 steps_per_second=0.5829
step=2450 loss=0.010047 lr=0.00008996 steps_per_second=0.5838
step=2460 loss=0.009682 lr=0.00008986 steps_per_second=0.5848
step=2470 loss=0.008983 lr=0.00008976 steps_per_second=0.5859
step=2480 loss=0.009619 lr=0.00008966 steps_per_second=0.5867
step=2490 loss=0.007931 lr=0.00008956 steps_per_second=0.5877
step=2500 loss=0.010096 lr=0.00008946 steps_per_second=0.5886
step=2510 loss=0.008404 lr=0.00008936 steps_per_second=0.5896
step=2520 loss=0.010676 lr=0.00008925 steps_per_second=0.5903
step=2530 loss=0.014393 lr=0.00008915 steps_per_second=0.5912
step=2540 loss=0.009238 lr=0.00008905 steps_per_second=0.5922
step=2550 loss=0.008159 lr=0.00008894 steps_per_second=0.5930
step=2560 loss=0.007145 lr=0.00008884 steps_per_second=0.5940
step=2570 loss=0.010285 lr=0.00008874 steps_per_second=0.5951
step=2580 loss=0.011843 lr=0.00008863 steps_per_second=0.5961
step=2590 loss=0.012036 lr=0.00008853 steps_per_second=0.5971
step=2600 loss=0.011986 lr=0.00008842 steps_per_second=0.5980
step=2610 loss=0.008354 lr=0.00008831 steps_per_second=0.5985
step=2620 loss=0.011834 lr=0.00008821 steps_per_second=0.5995
step=2630 loss=0.012951 lr=0.00008810 steps_per_second=0.6004
step=2640 loss=0.008342 lr=0.00008799 steps_per_second=0.6014
step=2650 loss=0.009671 lr=0.00008789 steps_per_second=0.6020
step=2660 loss=0.009000 lr=0.00008778 steps_per_second=0.6030
step=2670 loss=0.011250 lr=0.00008767 steps_per_second=0.6039
step=2680 loss=0.008799 lr=0.00008756 steps_per_second=0.6049
step=2690 loss=0.007689 lr=0.00008745 steps_per_second=0.6058
step=2700 loss=0.010581 lr=0.00008734 steps_per_second=0.6068
step=2710 loss=0.010699 lr=0.00008723 steps_per_second=0.6077
step=2720 loss=0.009976 lr=0.00008712 steps_per_second=0.6087
step=2730 loss=0.009733 lr=0.00008701 steps_per_second=0.6095
step=2740 loss=0.014070 lr=0.00008690 steps_per_second=0.6103
step=2750 loss=0.009572 lr=0.00008679 steps_per_second=0.6110
step=2760 loss=0.011063 lr=0.00008667 steps_per_second=0.6120
step=2770 loss=0.011202 lr=0.00008656 steps_per_second=0.6129
step=2780 loss=0.010418 lr=0.00008645 steps_per_second=0.6138
step=2790 loss=0.008534 lr=0.00008634 steps_per_second=0.6146
step=2800 loss=0.007289 lr=0.00008622 steps_per_second=0.6155
step=2810 loss=0.006420 lr=0.00008611 steps_per_second=0.6162
step=2820 loss=0.007274 lr=0.00008599 steps_per_second=0.6170
step=2830 loss=0.007491 lr=0.00008588 steps_per_second=0.6179
step=2840 loss=0.007348 lr=0.00008576 steps_per_second=0.6188
step=2850 loss=0.006845 lr=0.00008565 steps_per_second=0.6197
step=2860 loss=0.008250 lr=0.00008553 steps_per_second=0.6205
step=2870 loss=0.006764 lr=0.00008541 steps_per_second=0.6214
step=2880 loss=0.012538 lr=0.00008530 steps_per_second=0.6216
step=2890 loss=0.009154 lr=0.00008518 steps_per_second=0.6225
step=2900 loss=0.006463 lr=0.00008506 steps_per_second=0.6234
step=2910 loss=0.008628 lr=0.00008494 steps_per_second=0.6240
step=2920 loss=0.008154 lr=0.00008483 steps_per_second=0.6249
step=2930 loss=0.006290 lr=0.00008471 steps_per_second=0.6258
step=2940 loss=0.007660 lr=0.00008459 steps_per_second=0.6266
step=2950 loss=0.008110 lr=0.00008447 steps_per_second=0.6275
step=2960 loss=0.012133 lr=0.00008435 steps_per_second=0.6283
step=2970 loss=0.010572 lr=0.00008423 steps_per_second=0.6292
step=2980 loss=0.008302 lr=0.00008411 steps_per_second=0.6290
step=2990 loss=0.006053 lr=0.00008399 steps_per_second=0.6284
step=3000 loss=0.006087 lr=0.00008386 steps_per_second=0.6290
step=3010 loss=0.006515 lr=0.00008374 steps_per_second=0.6279
step=3020 loss=0.009426 lr=0.00008362 steps_per_second=0.6263
step=3030 loss=0.009843 lr=0.00008350 steps_per_second=0.6272
step=3040 loss=0.008033 lr=0.00008337 steps_per_second=0.6280
step=3050 loss=0.016209 lr=0.00008325 steps_per_second=0.6282
step=3060 loss=0.009850 lr=0.00008313 steps_per_second=0.6290
step=3070 loss=0.009222 lr=0.00008300 steps_per_second=0.6298
step=3080 loss=0.013247 lr=0.00008288 steps_per_second=0.6306
step=3090 loss=0.011472 lr=0.00008275 steps_per_second=0.6306
step=3100 loss=0.008060 lr=0.00008263 steps_per_second=0.6315
step=3110 loss=0.013499 lr=0.00008250 steps_per_second=0.6323
step=3120 loss=0.009063 lr=0.00008238 steps_per_second=0.6331
step=3130 loss=0.009417 lr=0.00008225 steps_per_second=0.6339
step=3140 loss=0.009311 lr=0.00008213 steps_per_second=0.6347
step=3150 loss=0.010679 lr=0.00008200 steps_per_second=0.6352
step=3160 loss=0.008169 lr=0.00008187 steps_per_second=0.6357
step=3170 loss=0.010134 lr=0.00008174 steps_per_second=0.6364
step=3180 loss=0.007857 lr=0.00008162 steps_per_second=0.6372
step=3190 loss=0.007298 lr=0.00008149 steps_per_second=0.6380
step=3200 loss=0.010820 lr=0.00008136 steps_per_second=0.6388
step=3210 loss=0.017148 lr=0.00008123 steps_per_second=0.6391
step=3220 loss=0.011280 lr=0.00008110 steps_per_second=0.6398
step=3230 loss=0.011273 lr=0.00008097 steps_per_second=0.6404
step=3240 loss=0.009852 lr=0.00008084 steps_per_second=0.6412
step=3250 loss=0.008605 lr=0.00008071 steps_per_second=0.6419
step=3260 loss=0.009315 lr=0.00008058 steps_per_second=0.6421
step=3270 loss=0.009122 lr=0.00008045 steps_per_second=0.6429
step=3280 loss=0.008680 lr=0.00008032 steps_per_second=0.6434
step=3290 loss=0.007126 lr=0.00008019 steps_per_second=0.6442
step=3300 loss=0.009206 lr=0.00008005 steps_per_second=0.6443
step=3310 loss=0.009324 lr=0.00007992 steps_per_second=0.6450
step=3320 loss=0.008603 lr=0.00007979 steps_per_second=0.6455
step=3330 loss=0.008105 lr=0.00007966 steps_per_second=0.6462
step=3340 loss=0.007676 lr=0.00007952 steps_per_second=0.6468
step=3350 loss=0.006510 lr=0.00007939 steps_per_second=0.6475
step=3360 loss=0.011782 lr=0.00007926 steps_per_second=0.6480
step=3370 loss=0.008641 lr=0.00007912 steps_per_second=0.6488
step=3380 loss=0.009582 lr=0.00007899 steps_per_second=0.6494
step=3390 loss=0.008478 lr=0.00007885 steps_per_second=0.6499
step=3400 loss=0.007271 lr=0.00007872 steps_per_second=0.6505
step=3410 loss=0.007912 lr=0.00007858 steps_per_second=0.6512
step=3420 loss=0.006767 lr=0.00007845 steps_per_second=0.6518
step=3430 loss=0.008185 lr=0.00007831 steps_per_second=0.6522
step=3440 loss=0.007635 lr=0.00007817 steps_per_second=0.6529
step=3450 loss=0.007484 lr=0.00007804 steps_per_second=0.6535
step=3460 loss=0.008329 lr=0.00007790 steps_per_second=0.6542
step=3470 loss=0.007659 lr=0.00007776 steps_per_second=0.6546
step=3480 loss=0.006941 lr=0.00007762 steps_per_second=0.6553
step=3490 loss=0.008974 lr=0.00007749 steps_per_second=0.6541
step=3500 loss=0.008258 lr=0.00007735 steps_per_second=0.6546
step=3510 loss=0.006690 lr=0.00007721 steps_per_second=0.6553
step=3520 loss=0.008047 lr=0.00007707 steps_per_second=0.6558
step=3530 loss=0.007630 lr=0.00007693 steps_per_second=0.6565
step=3540 loss=0.008229 lr=0.00007679 steps_per_second=0.6571
step=3550 loss=0.009057 lr=0.00007665 steps_per_second=0.6576
step=3560 loss=0.008197 lr=0.00007651 steps_per_second=0.6582
step=3570 loss=0.007583 lr=0.00007637 steps_per_second=0.6589
step=3580 loss=0.005887 lr=0.00007623 steps_per_second=0.6594
step=3590 loss=0.009398 lr=0.00007609 steps_per_second=0.6601
step=3600 loss=0.007509 lr=0.00007595 steps_per_second=0.6598
step=3610 loss=0.008160 lr=0.00007581 steps_per_second=0.6604
step=3620 loss=0.006674 lr=0.00007567 steps_per_second=0.6611
step=3630 loss=0.006830 lr=0.00007552 steps_per_second=0.6618
step=3640 loss=0.008458 lr=0.00007538 steps_per_second=0.6624
step=3650 loss=0.006751 lr=0.00007524 steps_per_second=0.6630
step=3660 loss=0.009265 lr=0.00007510 steps_per_second=0.6635
step=3670 loss=0.007609 lr=0.00007495 steps_per_second=0.6641
step=3680 loss=0.007620 lr=0.00007481 steps_per_second=0.6646
step=3690 loss=0.008777 lr=0.00007467 steps_per_second=0.6651
step=3700 loss=0.005563 lr=0.00007452 steps_per_second=0.6657
step=3710 loss=0.008685 lr=0.00007438 steps_per_second=0.6664
step=3720 loss=0.011574 lr=0.00007423 steps_per_second=0.6670
step=3730 loss=0.009023 lr=0.00007409 steps_per_second=0.6675
step=3740 loss=0.008131 lr=0.00007394 steps_per_second=0.6680
step=3750 loss=0.006360 lr=0.00007380 steps_per_second=0.6686
step=3760 loss=0.009675 lr=0.00007365 steps_per_second=0.6693
step=3770 loss=0.012098 lr=0.00007351 steps_per_second=0.6699
step=3780 loss=0.008786 lr=0.00007336 steps_per_second=0.6705
step=3790 loss=0.014460 lr=0.00007321 steps_per_second=0.6711
step=3800 loss=0.012285 lr=0.00007307 steps_per_second=0.6717
step=3810 loss=0.008780 lr=0.00007292 steps_per_second=0.6717
step=3820 loss=0.009045 lr=0.00007277 steps_per_second=0.6723
step=3830 loss=0.008376 lr=0.00007263 steps_per_second=0.6722
step=3840 loss=0.008835 lr=0.00007248 steps_per_second=0.6727
step=3850 loss=0.010598 lr=0.00007233 steps_per_second=0.6729
step=3860 loss=0.007240 lr=0.00007218 steps_per_second=0.6735
step=3870 loss=0.008171 lr=0.00007203 steps_per_second=0.6741
step=3880 loss=0.009241 lr=0.00007189 steps_per_second=0.6747
step=3890 loss=0.007283 lr=0.00007174 steps_per_second=0.6753
step=3900 loss=0.008843 lr=0.00007159 steps_per_second=0.6759
step=3910 loss=0.005981 lr=0.00007144 steps_per_second=0.6763
step=3920 loss=0.008286 lr=0.00007129 steps_per_second=0.6769
step=3930 loss=0.008140 lr=0.00007114 steps_per_second=0.6775
step=3940 loss=0.007154 lr=0.00007099 steps_per_second=0.6780
step=3950 loss=0.007178 lr=0.00007084 steps_per_second=0.6783
step=3960 loss=0.008058 lr=0.00007069 steps_per_second=0.6788
step=3970 loss=0.009149 lr=0.00007054 steps_per_second=0.6794
step=3980 loss=0.005147 lr=0.00007039 steps_per_second=0.6797
step=3990 loss=0.008848 lr=0.00007024 steps_per_second=0.6800
step=4000 loss=0.009253 lr=0.00007008 steps_per_second=0.6806
step=4010 loss=0.011432 lr=0.00006993 steps_per_second=0.6803
step=4020 loss=0.008280 lr=0.00006978 steps_per_second=0.6809
step=4030 loss=0.008373 lr=0.00006963 steps_per_second=0.6815
step=4040 loss=0.006572 lr=0.00006948 steps_per_second=0.6820
step=4050 loss=0.010232 lr=0.00006932 steps_per_second=0.6825
step=4060 loss=0.008196 lr=0.00006917 steps_per_second=0.6831
step=4070 loss=0.007025 lr=0.00006902 steps_per_second=0.6837
step=4080 loss=0.005478 lr=0.00006887 steps_per_second=0.6842
step=4090 loss=0.006235 lr=0.00006871 steps_per_second=0.6847
step=4100 loss=0.006488 lr=0.00006856 steps_per_second=0.6853
step=4110 loss=0.006898 lr=0.00006841 steps_per_second=0.6858
step=4120 loss=0.005655 lr=0.00006825 steps_per_second=0.6864
step=4130 loss=0.006904 lr=0.00006810 steps_per_second=0.6870
step=4140 loss=0.005783 lr=0.00006794 steps_per_second=0.6875
step=4150 loss=0.006264 lr=0.00006779 steps_per_second=0.6881
step=4160 loss=0.007672 lr=0.00006764 steps_per_second=0.6886
step=4170 loss=0.008503 lr=0.00006748 steps_per_second=0.6890
step=4180 loss=0.009308 lr=0.00006733 steps_per_second=0.6896
step=4190 loss=0.006561 lr=0.00006717 steps_per_second=0.6900
step=4200 loss=0.007064 lr=0.00006701 steps_per_second=0.6902
step=4210 loss=0.007570 lr=0.00006686 steps_per_second=0.6908
step=4220 loss=0.007348 lr=0.00006670 steps_per_second=0.6913
step=4230 loss=0.005826 lr=0.00006655 steps_per_second=0.6918
step=4240 loss=0.008300 lr=0.00006639 steps_per_second=0.6924
step=4250 loss=0.007634 lr=0.00006623 steps_per_second=0.6927
step=4260 loss=0.008732 lr=0.00006608 steps_per_second=0.6933
step=4270 loss=0.008858 lr=0.00006592 steps_per_second=0.6938
step=4280 loss=0.010643 lr=0.00006577 steps_per_second=0.6944
step=4290 loss=0.007810 lr=0.00006561 steps_per_second=0.6949
step=4300 loss=0.008290 lr=0.00006545 steps_per_second=0.6955
step=4310 loss=0.009159 lr=0.00006529 steps_per_second=0.6960
step=4320 loss=0.006263 lr=0.00006514 steps_per_second=0.6965
step=4330 loss=0.006035 lr=0.00006498 steps_per_second=0.6971
step=4340 loss=0.005589 lr=0.00006482 steps_per_second=0.6975
step=4350 loss=0.006921 lr=0.00006466 steps_per_second=0.6981
step=4360 loss=0.005172 lr=0.00006450 steps_per_second=0.6986
step=4370 loss=0.006359 lr=0.00006435 steps_per_second=0.6990
step=4380 loss=0.008371 lr=0.00006419 steps_per_second=0.6995
step=4390 loss=0.008658 lr=0.00006403 steps_per_second=0.7001
step=4400 loss=0.006998 lr=0.00006387 steps_per_second=0.7006
step=4410 loss=0.006018 lr=0.00006371 steps_per_second=0.7010
step=4420 loss=0.007851 lr=0.00006355 steps_per_second=0.7015
step=4430 loss=0.006034 lr=0.00006339 steps_per_second=0.7021
step=4440 loss=0.007721 lr=0.00006323 steps_per_second=0.7026
step=4450 loss=0.006440 lr=0.00006307 steps_per_second=0.7031
step=4460 loss=0.006651 lr=0.00006291 steps_per_second=0.7035
step=4470 loss=0.006144 lr=0.00006275 steps_per_second=0.7038
step=4480 loss=0.010388 lr=0.00006259 steps_per_second=0.7044
step=4490 loss=0.006105 lr=0.00006243 steps_per_second=0.7049
step=4500 loss=0.006765 lr=0.00006227 steps_per_second=0.7053
step=4510 loss=0.006477 lr=0.00006211 steps_per_second=0.7058
step=4520 loss=0.005433 lr=0.00006195 steps_per_second=0.7056
step=4530 loss=0.006444 lr=0.00006179 steps_per_second=0.7061
step=4540 loss=0.005251 lr=0.00006163 steps_per_second=0.7066
step=4550 loss=0.005138 lr=0.00006147 steps_per_second=0.7071
step=4560 loss=0.008330 lr=0.00006131 steps_per_second=0.7076
step=4570 loss=0.010219 lr=0.00006115 steps_per_second=0.7081
step=4580 loss=0.007110 lr=0.00006099 steps_per_second=0.7085
step=4590 loss=0.005465 lr=0.00006083 steps_per_second=0.7090
step=4600 loss=0.008546 lr=0.00006066 steps_per_second=0.7080
step=4610 loss=0.008105 lr=0.00006050 steps_per_second=0.7085
step=4620 loss=0.007267 lr=0.00006034 steps_per_second=0.7090
step=4630 loss=0.007168 lr=0.00006018 steps_per_second=0.7095
step=4640 loss=0.005347 lr=0.00006002 steps_per_second=0.7100
step=4650 loss=0.007632 lr=0.00005986 steps_per_second=0.7105
step=4660 loss=0.008556 lr=0.00005969 steps_per_second=0.7110
step=4670 loss=0.008156 lr=0.00005953 steps_per_second=0.7114
step=4680 loss=0.006627 lr=0.00005937 steps_per_second=0.7119
step=4690 loss=0.004872 lr=0.00005921 steps_per_second=0.7124
step=4700 loss=0.006246 lr=0.00005904 steps_per_second=0.7129
step=4710 loss=0.008131 lr=0.00005888 steps_per_second=0.7134
step=4720 loss=0.008873 lr=0.00005872 steps_per_second=0.7139
step=4730 loss=0.007654 lr=0.00005856 steps_per_second=0.7144
step=4740 loss=0.006961 lr=0.00005839 steps_per_second=0.7141
step=4750 loss=0.007814 lr=0.00005823 steps_per_second=0.7146
step=4760 loss=0.006634 lr=0.00005807 steps_per_second=0.7151
step=4770 loss=0.006350 lr=0.00005790 steps_per_second=0.7155
step=4780 loss=0.007289 lr=0.00005774 steps_per_second=0.7160
step=4790 loss=0.006608 lr=0.00005758 steps_per_second=0.7163
step=4800 loss=0.009372 lr=0.00005741 steps_per_second=0.7168
step=4810 loss=0.004954 lr=0.00005725 steps_per_second=0.7170
step=4820 loss=0.006416 lr=0.00005709 steps_per_second=0.7175
step=4830 loss=0.008305 lr=0.00005692 steps_per_second=0.7179
step=4840 loss=0.004633 lr=0.00005676 steps_per_second=0.7184
step=4850 loss=0.005514 lr=0.00005659 steps_per_second=0.7188
step=4860 loss=0.006087 lr=0.00005643 steps_per_second=0.7192
step=4870 loss=0.008949 lr=0.00005627 steps_per_second=0.7196
step=4880 loss=0.007146 lr=0.00005610 steps_per_second=0.7201
step=4890 loss=0.005874 lr=0.00005594 steps_per_second=0.7206
step=4900 loss=0.007518 lr=0.00005577 steps_per_second=0.7210
step=4910 loss=0.006334 lr=0.00005561 steps_per_second=0.7214
step=4920 loss=0.007091 lr=0.00005545 steps_per_second=0.7219
step=4930 loss=0.007442 lr=0.00005528 steps_per_second=0.7223
step=4940 loss=0.007811 lr=0.00005512 steps_per_second=0.7227
step=4950 loss=0.005182 lr=0.00005495 steps_per_second=0.7230
step=4960 loss=0.005858 lr=0.00005479 steps_per_second=0.7232
step=4970 loss=0.006759 lr=0.00005462 steps_per_second=0.7237
step=4980 loss=0.005479 lr=0.00005446 steps_per_second=0.7240
step=4990 loss=0.009141 lr=0.00005429 steps_per_second=0.7240
step=5000 loss=0.006639 lr=0.00005413 steps_per_second=0.7244
step=5010 loss=0.006640 lr=0.00005396 steps_per_second=0.7216
step=5020 loss=0.006015 lr=0.00005380 steps_per_second=0.7220
step=5030 loss=0.007902 lr=0.00005363 steps_per_second=0.7225
step=5040 loss=0.007736 lr=0.00005347 steps_per_second=0.7229
step=5050 loss=0.007688 lr=0.00005330 steps_per_second=0.7234
step=5060 loss=0.008606 lr=0.00005314 steps_per_second=0.7238
step=5070 loss=0.007943 lr=0.00005297 steps_per_second=0.7242
step=5080 loss=0.006341 lr=0.00005281 steps_per_second=0.7243
step=5090 loss=0.008683 lr=0.00005264 steps_per_second=0.7245
step=5100 loss=0.007288 lr=0.00005248 steps_per_second=0.7249
step=5110 loss=0.005381 lr=0.00005231 steps_per_second=0.7253
step=5120 loss=0.007086 lr=0.00005215 steps_per_second=0.7258
step=5130 loss=0.006276 lr=0.00005198 steps_per_second=0.7262
step=5140 loss=0.007690 lr=0.00005182 steps_per_second=0.7266
step=5150 loss=0.006477 lr=0.00005165 steps_per_second=0.7270
step=5160 loss=0.006106 lr=0.00005149 steps_per_second=0.7274
step=5170 loss=0.009514 lr=0.00005132 steps_per_second=0.7277
step=5180 loss=0.007367 lr=0.00005116 steps_per_second=0.7281
step=5190 loss=0.006114 lr=0.00005099 steps_per_second=0.7286
step=5200 loss=0.005886 lr=0.00005083 steps_per_second=0.7290
step=5210 loss=0.005371 lr=0.00005066 steps_per_second=0.7294
step=5220 loss=0.006169 lr=0.00005050 steps_per_second=0.7298
step=5230 loss=0.005300 lr=0.00005033 steps_per_second=0.7301
step=5240 loss=0.006765 lr=0.00005017 steps_per_second=0.7305
step=5250 loss=0.006159 lr=0.00005000 steps_per_second=0.7309
step=5260 loss=0.006980 lr=0.00004983 steps_per_second=0.7314
step=5270 loss=0.005922 lr=0.00004967 steps_per_second=0.7315
step=5280 loss=0.006436 lr=0.00004950 steps_per_second=0.7319
step=5290 loss=0.006486 lr=0.00004934 steps_per_second=0.7311
step=5300 loss=0.006856 lr=0.00004917 steps_per_second=0.7315
step=5310 loss=0.006270 lr=0.00004901 steps_per_second=0.7320
step=5320 loss=0.005622 lr=0.00004884 steps_per_second=0.7324
step=5330 loss=0.006579 lr=0.00004868 steps_per_second=0.7328
step=5340 loss=0.006066 lr=0.00004851 steps_per_second=0.7332
step=5350 loss=0.007409 lr=0.00004835 steps_per_second=0.7335
step=5360 loss=0.006749 lr=0.00004818 steps_per_second=0.7339
step=5370 loss=0.008309 lr=0.00004802 steps_per_second=0.7341
step=5380 loss=0.008335 lr=0.00004785 steps_per_second=0.7345
step=5390 loss=0.007429 lr=0.00004769 steps_per_second=0.7348
step=5400 loss=0.004553 lr=0.00004752 steps_per_second=0.7350
step=5410 loss=0.005673 lr=0.00004736 steps_per_second=0.7352
step=5420 loss=0.006724 lr=0.00004719 steps_per_second=0.7356
step=5430 loss=0.005422 lr=0.00004703 steps_per_second=0.7360
step=5440 loss=0.005353 lr=0.00004686 steps_per_second=0.7363
step=5450 loss=0.005231 lr=0.00004670 steps_per_second=0.7367
step=5460 loss=0.004989 lr=0.00004653 steps_per_second=0.7371
step=5470 loss=0.006701 lr=0.00004637 steps_per_second=0.7375
step=5480 loss=0.007574 lr=0.00004620 steps_per_second=0.7378
step=5490 loss=0.005062 lr=0.00004604 steps_per_second=0.7382
step=5500 loss=0.005897 lr=0.00004587 steps_per_second=0.7386
step=5510 loss=0.005955 lr=0.00004571 steps_per_second=0.7389
step=5520 loss=0.007822 lr=0.00004554 steps_per_second=0.7393
step=5530 loss=0.007224 lr=0.00004538 steps_per_second=0.7397
step=5540 loss=0.005471 lr=0.00004521 steps_per_second=0.7400
step=5550 loss=0.008294 lr=0.00004505 steps_per_second=0.7403
step=5560 loss=0.005867 lr=0.00004488 steps_per_second=0.7407
step=5570 loss=0.006512 lr=0.00004472 steps_per_second=0.7410
step=5580 loss=0.006819 lr=0.00004455 steps_per_second=0.7414
step=5590 loss=0.004784 lr=0.00004439 steps_per_second=0.7418
step=5600 loss=0.004611 lr=0.00004423 steps_per_second=0.7421
step=5610 loss=0.005859 lr=0.00004406 steps_per_second=0.7424
step=5620 loss=0.006802 lr=0.00004390 steps_per_second=0.7427
step=5630 loss=0.007207 lr=0.00004373 steps_per_second=0.7429
step=5640 loss=0.005044 lr=0.00004357 steps_per_second=0.7433
step=5650 loss=0.008978 lr=0.00004341 steps_per_second=0.7437
step=5660 loss=0.006424 lr=0.00004324 steps_per_second=0.7441
step=5670 loss=0.005771 lr=0.00004308 steps_per_second=0.7445
step=5680 loss=0.005718 lr=0.00004291 steps_per_second=0.7446
step=5690 loss=0.007097 lr=0.00004275 steps_per_second=0.7450
step=5700 loss=0.006625 lr=0.00004259 steps_per_second=0.7449
step=5710 loss=0.005187 lr=0.00004242 steps_per_second=0.7453
step=5720 loss=0.007318 lr=0.00004226 steps_per_second=0.7456
step=5730 loss=0.004838 lr=0.00004210 steps_per_second=0.7460
step=5740 loss=0.008870 lr=0.00004193 steps_per_second=0.7464
step=5750 loss=0.005952 lr=0.00004177 steps_per_second=0.7468
step=5760 loss=0.006176 lr=0.00004161 steps_per_second=0.7471
step=5770 loss=0.004680 lr=0.00004144 steps_per_second=0.7475
step=5780 loss=0.004244 lr=0.00004128 steps_per_second=0.7479
step=5790 loss=0.005094 lr=0.00004112 steps_per_second=0.7483
step=5800 loss=0.005050 lr=0.00004096 steps_per_second=0.7486
step=5810 loss=0.005157 lr=0.00004079 steps_per_second=0.7490
step=5820 loss=0.004301 lr=0.00004063 steps_per_second=0.7493
step=5830 loss=0.005012 lr=0.00004047 steps_per_second=0.7493
step=5840 loss=0.005408 lr=0.00004031 steps_per_second=0.7497
step=5850 loss=0.006265 lr=0.00004014 steps_per_second=0.7500
step=5860 loss=0.005697 lr=0.00003998 steps_per_second=0.7503
step=5870 loss=0.006778 lr=0.00003982 steps_per_second=0.7506
step=5880 loss=0.006430 lr=0.00003966 steps_per_second=0.7508
step=5890 loss=0.005248 lr=0.00003950 steps_per_second=0.7512
step=5900 loss=0.008403 lr=0.00003934 steps_per_second=0.7515
step=5910 loss=0.005555 lr=0.00003917 steps_per_second=0.7518
step=5920 loss=0.006488 lr=0.00003901 steps_per_second=0.7522
step=5930 loss=0.006440 lr=0.00003885 steps_per_second=0.7524
step=5940 loss=0.006097 lr=0.00003869 steps_per_second=0.7528
step=5950 loss=0.006877 lr=0.00003853 steps_per_second=0.7530
step=5960 loss=0.004836 lr=0.00003837 steps_per_second=0.7533
step=5970 loss=0.004670 lr=0.00003821 steps_per_second=0.7537
step=5980 loss=0.005837 lr=0.00003805 steps_per_second=0.7529
step=5990 loss=0.005258 lr=0.00003789 steps_per_second=0.7533
step=6000 loss=0.004901 lr=0.00003773 steps_per_second=0.7536
step=6010 loss=0.005478 lr=0.00003757 steps_per_second=0.7522
step=6020 loss=0.006403 lr=0.00003741 steps_per_second=0.7526
step=6030 loss=0.005864 lr=0.00003725 steps_per_second=0.7529
step=6040 loss=0.007006 lr=0.00003709 steps_per_second=0.7529
step=6050 loss=0.004614 lr=0.00003693 steps_per_second=0.7531
step=6060 loss=0.006157 lr=0.00003677 steps_per_second=0.7534
step=6070 loss=0.005853 lr=0.00003661 steps_per_second=0.7538
step=6080 loss=0.004568 lr=0.00003645 steps_per_second=0.7538
step=6090 loss=0.005779 lr=0.00003629 steps_per_second=0.7542
step=6100 loss=0.008419 lr=0.00003613 steps_per_second=0.7545
step=6110 loss=0.006821 lr=0.00003597 steps_per_second=0.7549
step=6120 loss=0.006355 lr=0.00003581 steps_per_second=0.7552
step=6130 loss=0.004552 lr=0.00003565 steps_per_second=0.7555
step=6140 loss=0.007813 lr=0.00003550 steps_per_second=0.7559
step=6150 loss=0.005505 lr=0.00003534 steps_per_second=0.7562
step=6160 loss=0.005105 lr=0.00003518 steps_per_second=0.7565
step=6170 loss=0.007456 lr=0.00003502 steps_per_second=0.7567
step=6180 loss=0.005522 lr=0.00003486 steps_per_second=0.7569
step=6190 loss=0.005756 lr=0.00003471 steps_per_second=0.7573
step=6200 loss=0.004614 lr=0.00003455 steps_per_second=0.7572
step=6210 loss=0.004622 lr=0.00003439 steps_per_second=0.7575
step=6220 loss=0.004721 lr=0.00003423 steps_per_second=0.7578
step=6230 loss=0.005921 lr=0.00003408 steps_per_second=0.7581
step=6240 loss=0.005619 lr=0.00003392 steps_per_second=0.7584
step=6250 loss=0.005946 lr=0.00003377 steps_per_second=0.7587
step=6260 loss=0.004692 lr=0.00003361 steps_per_second=0.7590
step=6270 loss=0.004369 lr=0.00003345 steps_per_second=0.7594
step=6280 loss=0.005108 lr=0.00003330 steps_per_second=0.7597
step=6290 loss=0.004468 lr=0.00003314 steps_per_second=0.7599
step=6300 loss=0.005145 lr=0.00003299 steps_per_second=0.7603
step=6310 loss=0.006873 lr=0.00003283 steps_per_second=0.7603
step=6320 loss=0.006203 lr=0.00003267 steps_per_second=0.7606
step=6330 loss=0.006670 lr=0.00003252 steps_per_second=0.7588
step=6340 loss=0.007008 lr=0.00003236 steps_per_second=0.7591
step=6350 loss=0.008523 lr=0.00003221 steps_per_second=0.7594
step=6360 loss=0.004610 lr=0.00003206 steps_per_second=0.7598
step=6370 loss=0.004560 lr=0.00003190 steps_per_second=0.7600
step=6380 loss=0.005444 lr=0.00003175 steps_per_second=0.7604
step=6390 loss=0.005028 lr=0.00003159 steps_per_second=0.7607
step=6400 loss=0.006885 lr=0.00003144 steps_per_second=0.7599
step=6410 loss=0.004091 lr=0.00003129 steps_per_second=0.7602
step=6420 loss=0.004461 lr=0.00003113 steps_per_second=0.7604
step=6430 loss=0.005163 lr=0.00003098 steps_per_second=0.7607
step=6440 loss=0.006995 lr=0.00003083 steps_per_second=0.7610
step=6450 loss=0.005989 lr=0.00003068 steps_per_second=0.7613
step=6460 loss=0.004962 lr=0.00003052 steps_per_second=0.7617
step=6470 loss=0.004640 lr=0.00003037 steps_per_second=0.7620
step=6480 loss=0.005021 lr=0.00003022 steps_per_second=0.7623
step=6490 loss=0.007771 lr=0.00003007 steps_per_second=0.7625
step=6500 loss=0.004889 lr=0.00002992 steps_per_second=0.7627
step=6510 loss=0.005905 lr=0.00002976 steps_per_second=0.7623
step=6520 loss=0.005022 lr=0.00002961 steps_per_second=0.7625
step=6530 loss=0.007741 lr=0.00002946 steps_per_second=0.7628
step=6540 loss=0.005329 lr=0.00002931 steps_per_second=0.7631
step=6550 loss=0.005060 lr=0.00002916 steps_per_second=0.7629
step=6560 loss=0.005314 lr=0.00002901 steps_per_second=0.7633
step=6570 loss=0.004418 lr=0.00002886 steps_per_second=0.7636
step=6580 loss=0.006130 lr=0.00002871 steps_per_second=0.7639
step=6590 loss=0.004238 lr=0.00002856 steps_per_second=0.7642
step=6600 loss=0.005327 lr=0.00002841 steps_per_second=0.7645
step=6610 loss=0.004628 lr=0.00002826 steps_per_second=0.7648
step=6620 loss=0.005408 lr=0.00002811 steps_per_second=0.7651
step=6630 loss=0.005070 lr=0.00002797 steps_per_second=0.7653
step=6640 loss=0.006297 lr=0.00002782 steps_per_second=0.7655
step=6650 loss=0.006504 lr=0.00002767 steps_per_second=0.7658
step=6660 loss=0.006953 lr=0.00002752 steps_per_second=0.7658
step=6670 loss=0.004504 lr=0.00002737 steps_per_second=0.7644
step=6680 loss=0.004415 lr=0.00002723 steps_per_second=0.7648
step=6690 loss=0.004383 lr=0.00002708 steps_per_second=0.7650
step=6700 loss=0.005342 lr=0.00002693 steps_per_second=0.7654
step=6710 loss=0.006024 lr=0.00002679 steps_per_second=0.7657
step=6720 loss=0.006307 lr=0.00002664 steps_per_second=0.7659
step=6730 loss=0.006437 lr=0.00002649 steps_per_second=0.7662
step=6740 loss=0.005331 lr=0.00002635 steps_per_second=0.7664
step=6750 loss=0.005753 lr=0.00002620 steps_per_second=0.7667
step=6760 loss=0.007980 lr=0.00002606 steps_per_second=0.7668
step=6770 loss=0.006305 lr=0.00002591 steps_per_second=0.7671
step=6780 loss=0.004581 lr=0.00002577 steps_per_second=0.7674
step=6790 loss=0.006238 lr=0.00002562 steps_per_second=0.7677
step=6800 loss=0.005387 lr=0.00002548 steps_per_second=0.7679
step=6810 loss=0.004499 lr=0.00002533 steps_per_second=0.7682
step=6820 loss=0.005474 lr=0.00002519 steps_per_second=0.7681
step=6830 loss=0.004590 lr=0.00002505 steps_per_second=0.7684
step=6840 loss=0.004045 lr=0.00002490 steps_per_second=0.7687
step=6850 loss=0.004085 lr=0.00002476 steps_per_second=0.7690
step=6860 loss=0.005271 lr=0.00002462 steps_per_second=0.7693
step=6870 loss=0.006435 lr=0.00002448 steps_per_second=0.7696
step=6880 loss=0.006617 lr=0.00002433 steps_per_second=0.7699
step=6890 loss=0.004936 lr=0.00002419 steps_per_second=0.7699
step=6900 loss=0.005410 lr=0.00002405 steps_per_second=0.7701
step=6910 loss=0.007040 lr=0.00002391 steps_per_second=0.7704
step=6920 loss=0.004930 lr=0.00002377 steps_per_second=0.7706
step=6930 loss=0.005145 lr=0.00002363 steps_per_second=0.7706
step=6940 loss=0.005535 lr=0.00002349 steps_per_second=0.7709
step=6950 loss=0.003931 lr=0.00002335 steps_per_second=0.7711
step=6960 loss=0.004428 lr=0.00002321 steps_per_second=0.7698
step=6970 loss=0.005777 lr=0.00002307 steps_per_second=0.7701
step=6980 loss=0.004143 lr=0.00002293 steps_per_second=0.7704
step=6990 loss=0.003924 lr=0.00002279 steps_per_second=0.7707
step=7000 loss=0.005546 lr=0.00002265 steps_per_second=0.7710
step=7010 loss=0.005420 lr=0.00002251 steps_per_second=0.7646
step=7020 loss=0.005266 lr=0.00002238 steps_per_second=0.7647
step=7030 loss=0.005340 lr=0.00002224 steps_per_second=0.7650
step=7040 loss=0.004982 lr=0.00002210 steps_per_second=0.7650
step=7050 loss=0.004302 lr=0.00002196 steps_per_second=0.7652
step=7060 loss=0.006790 lr=0.00002183 steps_per_second=0.7655
step=7070 loss=0.005249 lr=0.00002169 steps_per_second=0.7657
step=7080 loss=0.004312 lr=0.00002155 steps_per_second=0.7659
step=7090 loss=0.004699 lr=0.00002142 steps_per_second=0.7657
step=7100 loss=0.005480 lr=0.00002128 steps_per_second=0.7659
step=7110 loss=0.005818 lr=0.00002115 steps_per_second=0.7662
step=7120 loss=0.004709 lr=0.00002101 steps_per_second=0.7665
step=7130 loss=0.005201 lr=0.00002088 steps_per_second=0.7666
step=7140 loss=0.004044 lr=0.00002074 steps_per_second=0.7668
step=7150 loss=0.005082 lr=0.00002061 steps_per_second=0.7671
step=7160 loss=0.003443 lr=0.00002048 steps_per_second=0.7674
step=7170 loss=0.006277 lr=0.00002034 steps_per_second=0.7677
step=7180 loss=0.003667 lr=0.00002021 steps_per_second=0.7679
step=7190 loss=0.005480 lr=0.00002008 steps_per_second=0.7682
step=7200 loss=0.005994 lr=0.00001995 steps_per_second=0.7683
step=7210 loss=0.005276 lr=0.00001981 steps_per_second=0.7686
step=7220 loss=0.005008 lr=0.00001968 steps_per_second=0.7689
step=7230 loss=0.006868 lr=0.00001955 steps_per_second=0.7690
step=7240 loss=0.005491 lr=0.00001942 steps_per_second=0.7692
step=7250 loss=0.006077 lr=0.00001929 steps_per_second=0.7694
step=7260 loss=0.004692 lr=0.00001916 steps_per_second=0.7697
step=7270 loss=0.006001 lr=0.00001903 steps_per_second=0.7699
step=7280 loss=0.005076 lr=0.00001890 steps_per_second=0.7702
step=7290 loss=0.005519 lr=0.00001877 steps_per_second=0.7704
step=7300 loss=0.004268 lr=0.00001864 steps_per_second=0.7706
step=7310 loss=0.004421 lr=0.00001851 steps_per_second=0.7706
step=7320 loss=0.005417 lr=0.00001838 steps_per_second=0.7709
step=7330 loss=0.006762 lr=0.00001826 steps_per_second=0.7711
step=7340 loss=0.004778 lr=0.00001813 steps_per_second=0.7713
step=7350 loss=0.004350 lr=0.00001800 steps_per_second=0.7716
step=7360 loss=0.004029 lr=0.00001787 steps_per_second=0.7718
step=7370 loss=0.006866 lr=0.00001775 steps_per_second=0.7719
step=7380 loss=0.004700 lr=0.00001762 steps_per_second=0.7722
step=7390 loss=0.005761 lr=0.00001750 steps_per_second=0.7723
step=7400 loss=0.005717 lr=0.00001737 steps_per_second=0.7726
step=7410 loss=0.004701 lr=0.00001725 steps_per_second=0.7728
step=7420 loss=0.006915 lr=0.00001712 steps_per_second=0.7730
step=7430 loss=0.004893 lr=0.00001700 steps_per_second=0.7733
step=7440 loss=0.003911 lr=0.00001687 steps_per_second=0.7734
step=7450 loss=0.004428 lr=0.00001675 steps_per_second=0.7737
step=7460 loss=0.004612 lr=0.00001663 steps_per_second=0.7739
step=7470 loss=0.004308 lr=0.00001650 steps_per_second=0.7741
step=7480 loss=0.004741 lr=0.00001638 steps_per_second=0.7742
step=7490 loss=0.004213 lr=0.00001626 steps_per_second=0.7744
step=7500 loss=0.006512 lr=0.00001614 steps_per_second=0.7746
step=7510 loss=0.007316 lr=0.00001601 steps_per_second=0.7749
step=7520 loss=0.003963 lr=0.00001589 steps_per_second=0.7751
step=7530 loss=0.004189 lr=0.00001577 steps_per_second=0.7754
step=7540 loss=0.004363 lr=0.00001565 steps_per_second=0.7757
step=7550 loss=0.005790 lr=0.00001553 steps_per_second=0.7759
step=7560 loss=0.004144 lr=0.00001541 steps_per_second=0.7761
step=7570 loss=0.004515 lr=0.00001529 steps_per_second=0.7762
step=7580 loss=0.005143 lr=0.00001517 steps_per_second=0.7765
step=7590 loss=0.005749 lr=0.00001506 steps_per_second=0.7767
step=7600 loss=0.004951 lr=0.00001494 steps_per_second=0.7769
step=7610 loss=0.005276 lr=0.00001482 steps_per_second=0.7771
step=7620 loss=0.003925 lr=0.00001470 steps_per_second=0.7773
step=7630 loss=0.005307 lr=0.00001459 steps_per_second=0.7774
step=7640 loss=0.004539 lr=0.00001447 steps_per_second=0.7777
step=7650 loss=0.006030 lr=0.00001435 steps_per_second=0.7779
step=7660 loss=0.004586 lr=0.00001424 steps_per_second=0.7782
step=7670 loss=0.005022 lr=0.00001412 steps_per_second=0.7784
step=7680 loss=0.004442 lr=0.00001401 steps_per_second=0.7786
step=7690 loss=0.003643 lr=0.00001389 steps_per_second=0.7789
step=7700 loss=0.004142 lr=0.00001378 steps_per_second=0.7791
step=7710 loss=0.003665 lr=0.00001366 steps_per_second=0.7784
step=7720 loss=0.007413 lr=0.00001355 steps_per_second=0.7786
step=7730 loss=0.004370 lr=0.00001344 steps_per_second=0.7789
step=7740 loss=0.004508 lr=0.00001333 steps_per_second=0.7791
step=7750 loss=0.005459 lr=0.00001321 steps_per_second=0.7793
step=7760 loss=0.005628 lr=0.00001310 steps_per_second=0.7796
step=7770 loss=0.004063 lr=0.00001299 steps_per_second=0.7797
step=7780 loss=0.004139 lr=0.00001288 steps_per_second=0.7798
step=7790 loss=0.005087 lr=0.00001277 steps_per_second=0.7800
step=7800 loss=0.006488 lr=0.00001266 steps_per_second=0.7802
step=7810 loss=0.004283 lr=0.00001255 steps_per_second=0.7804
step=7820 loss=0.004467 lr=0.00001244 steps_per_second=0.7806
step=7830 loss=0.004784 lr=0.00001233 steps_per_second=0.7808
step=7840 loss=0.004761 lr=0.00001222 steps_per_second=0.7809
step=7850 loss=0.004769 lr=0.00001211 steps_per_second=0.7812
step=7860 loss=0.005055 lr=0.00001201 steps_per_second=0.7814
step=7870 loss=0.003883 lr=0.00001190 steps_per_second=0.7816
step=7880 loss=0.005987 lr=0.00001179 steps_per_second=0.7818
step=7890 loss=0.006377 lr=0.00001169 steps_per_second=0.7820
step=7900 loss=0.004418 lr=0.00001158 steps_per_second=0.7821
step=7910 loss=0.004848 lr=0.00001147 steps_per_second=0.7823
step=7920 loss=0.004996 lr=0.00001137 steps_per_second=0.7825
step=7930 loss=0.004556 lr=0.00001126 steps_per_second=0.7827
step=7940 loss=0.004915 lr=0.00001116 steps_per_second=0.7828
step=7950 loss=0.004297 lr=0.00001106 steps_per_second=0.7830
step=7960 loss=0.004013 lr=0.00001095 steps_per_second=0.7832
step=7970 loss=0.004482 lr=0.00001085 steps_per_second=0.7833
step=7980 loss=0.005847 lr=0.00001075 steps_per_second=0.7834
step=7990 loss=0.004519 lr=0.00001064 steps_per_second=0.7831
step=8000 loss=0.004030 lr=0.00001054 steps_per_second=0.7833
step=8010 loss=0.003944 lr=0.00001044 steps_per_second=0.7816
step=8020 loss=0.006781 lr=0.00001034 steps_per_second=0.7819
step=8030 loss=0.004739 lr=0.00001024 steps_per_second=0.7820
step=8040 loss=0.006206 lr=0.00001014 steps_per_second=0.7823
step=8050 loss=0.003444 lr=0.00001004 steps_per_second=0.7825
step=8060 loss=0.005590 lr=0.00000994 steps_per_second=0.7826
step=8070 loss=0.004528 lr=0.00000984 steps_per_second=0.7828
step=8080 loss=0.004056 lr=0.00000974 steps_per_second=0.7830
step=8090 loss=0.004880 lr=0.00000965 steps_per_second=0.7832
step=8100 loss=0.005241 lr=0.00000955 steps_per_second=0.7834
step=8110 loss=0.006519 lr=0.00000945 steps_per_second=0.7836
step=8120 loss=0.003881 lr=0.00000936 steps_per_second=0.7836
step=8130 loss=0.004860 lr=0.00000926 steps_per_second=0.7838
step=8140 loss=0.004102 lr=0.00000916 steps_per_second=0.7840
step=8150 loss=0.006002 lr=0.00000907 steps_per_second=0.7841
step=8160 loss=0.005167 lr=0.00000897 steps_per_second=0.7844
step=8170 loss=0.005131 lr=0.00000888 steps_per_second=0.7846
step=8180 loss=0.004385 lr=0.00000879 steps_per_second=0.7848
step=8190 loss=0.004689 lr=0.00000869 steps_per_second=0.7851
step=8200 loss=0.003951 lr=0.00000860 steps_per_second=0.7853
step=8210 loss=0.006110 lr=0.00000851 steps_per_second=0.7856
step=8220 loss=0.007549 lr=0.00000842 steps_per_second=0.7858
step=8230 loss=0.004221 lr=0.00000832 steps_per_second=0.7858
step=8240 loss=0.004796 lr=0.00000823 steps_per_second=0.7859
step=8250 loss=0.004298 lr=0.00000814 steps_per_second=0.7861
step=8260 loss=0.004162 lr=0.00000805 steps_per_second=0.7863
step=8270 loss=0.003839 lr=0.00000796 steps_per_second=0.7866
step=8280 loss=0.006950 lr=0.00000787 steps_per_second=0.7868
step=8290 loss=0.005250 lr=0.00000778 steps_per_second=0.7871
step=8300 loss=0.003978 lr=0.00000770 steps_per_second=0.7873
step=8310 loss=0.004766 lr=0.00000761 steps_per_second=0.7874
step=8320 loss=0.005572 lr=0.00000752 steps_per_second=0.7876
step=8330 loss=0.004609 lr=0.00000743 steps_per_second=0.7879
step=8340 loss=0.004351 lr=0.00000735 steps_per_second=0.7881
step=8350 loss=0.005395 lr=0.00000726 steps_per_second=0.7883
step=8360 loss=0.005551 lr=0.00000717 steps_per_second=0.7886
step=8370 loss=0.004962 lr=0.00000709 steps_per_second=0.7887
step=8380 loss=0.004530 lr=0.00000701 steps_per_second=0.7890
step=8390 loss=0.004269 lr=0.00000692 steps_per_second=0.7892
step=8400 loss=0.004488 lr=0.00000684 steps_per_second=0.7894
step=8410 loss=0.003261 lr=0.00000675 steps_per_second=0.7895
step=8420 loss=0.004249 lr=0.00000667 steps_per_second=0.7898
step=8430 loss=0.005608 lr=0.00000659 steps_per_second=0.7900
step=8440 loss=0.004373 lr=0.00000651 steps_per_second=0.7902
step=8450 loss=0.003883 lr=0.00000643 steps_per_second=0.7904
step=8460 loss=0.005078 lr=0.00000634 steps_per_second=0.7907
step=8470 loss=0.004626 lr=0.00000626 steps_per_second=0.7906
step=8480 loss=0.004357 lr=0.00000618 steps_per_second=0.7892
step=8490 loss=0.004143 lr=0.00000611 steps_per_second=0.7895
step=8500 loss=0.005158 lr=0.00000603 steps_per_second=0.7897
step=8510 loss=0.004301 lr=0.00000595 steps_per_second=0.7899
step=8520 loss=0.004505 lr=0.00000587 steps_per_second=0.7901
step=8530 loss=0.003548 lr=0.00000579 steps_per_second=0.7903
step=8540 loss=0.004717 lr=0.00000572 steps_per_second=0.7906
step=8550 loss=0.003923 lr=0.00000564 steps_per_second=0.7907
step=8560 loss=0.004792 lr=0.00000556 steps_per_second=0.7909
step=8570 loss=0.003998 lr=0.00000549 steps_per_second=0.7911
step=8580 loss=0.004122 lr=0.00000541 steps_per_second=0.7913
step=8590 loss=0.005145 lr=0.00000534 steps_per_second=0.7913
step=8600 loss=0.005066 lr=0.00000526 steps_per_second=0.7915
step=8610 loss=0.003616 lr=0.00000519 steps_per_second=0.7918
step=8620 loss=0.005283 lr=0.00000512 steps_per_second=0.7919
step=8630 loss=0.005290 lr=0.00000504 steps_per_second=0.7920
step=8640 loss=0.004849 lr=0.00000497 steps_per_second=0.7921
step=8650 loss=0.005304 lr=0.00000490 steps_per_second=0.7922
step=8660 loss=0.004704 lr=0.00000483 steps_per_second=0.7924
step=8670 loss=0.005225 lr=0.00000476 steps_per_second=0.7925
step=8680 loss=0.004900 lr=0.00000469 steps_per_second=0.7927
step=8690 loss=0.005200 lr=0.00000462 steps_per_second=0.7925
step=8700 loss=0.003517 lr=0.00000455 steps_per_second=0.7927
step=8710 loss=0.003724 lr=0.00000448 steps_per_second=0.7929
step=8720 loss=0.003565 lr=0.00000441 steps_per_second=0.7928
step=8730 loss=0.003784 lr=0.00000435 steps_per_second=0.7929
step=8740 loss=0.004791 lr=0.00000428 steps_per_second=0.7930
step=8750 loss=0.004561 lr=0.00000421 steps_per_second=0.7932
step=8760 loss=0.003871 lr=0.00000415 steps_per_second=0.7932
step=8770 loss=0.004894 lr=0.00000408 steps_per_second=0.7934
step=8780 loss=0.005688 lr=0.00000401 steps_per_second=0.7937
step=8790 loss=0.005274 lr=0.00000395 steps_per_second=0.7937
step=8800 loss=0.005821 lr=0.00000389 steps_per_second=0.7939
step=8810 loss=0.004478 lr=0.00000382 steps_per_second=0.7941
step=8820 loss=0.004633 lr=0.00000376 steps_per_second=0.7943
step=8830 loss=0.005138 lr=0.00000370 steps_per_second=0.7945
step=8840 loss=0.004153 lr=0.00000363 steps_per_second=0.7947
step=8850 loss=0.004081 lr=0.00000357 steps_per_second=0.7949
step=8860 loss=0.005709 lr=0.00000351 steps_per_second=0.7952
step=8870 loss=0.004782 lr=0.00000345 steps_per_second=0.7954
step=8880 loss=0.004128 lr=0.00000339 steps_per_second=0.7956
step=8890 loss=0.004702 lr=0.00000333 steps_per_second=0.7956
step=8900 loss=0.004394 lr=0.00000327 steps_per_second=0.7956
step=8910 loss=0.003561 lr=0.00000321 steps_per_second=0.7958
step=8920 loss=0.006121 lr=0.00000316 steps_per_second=0.7960
step=8930 loss=0.004200 lr=0.00000310 steps_per_second=0.7962
step=8940 loss=0.004546 lr=0.00000304 steps_per_second=0.7964
step=8950 loss=0.004890 lr=0.00000298 steps_per_second=0.7965
step=8960 loss=0.005243 lr=0.00000293 steps_per_second=0.7967
step=8970 loss=0.004477 lr=0.00000287 steps_per_second=0.7968
step=8980 loss=0.004845 lr=0.00000282 steps_per_second=0.7970
step=8990 loss=0.004490 lr=0.00000276 steps_per_second=0.7963
step=9000 loss=0.004629 lr=0.00000271 steps_per_second=0.7965
step=9010 loss=0.003392 lr=0.00000266 steps_per_second=0.7959
step=9020 loss=0.005594 lr=0.00000260 steps_per_second=0.7961
step=9030 loss=0.004928 lr=0.00000255 steps_per_second=0.7963
step=9040 loss=0.003977 lr=0.00000250 steps_per_second=0.7965
step=9050 loss=0.005012 lr=0.00000245 steps_per_second=0.7967
step=9060 loss=0.004829 lr=0.00000240 steps_per_second=0.7969
step=9070 loss=0.004453 lr=0.00000235 steps_per_second=0.7971
step=9080 loss=0.003918 lr=0.00000230 steps_per_second=0.7973
step=9090 loss=0.004254 lr=0.00000225 steps_per_second=0.7975
step=9100 loss=0.005387 lr=0.00000220 steps_per_second=0.7976
step=9110 loss=0.004047 lr=0.00000215 steps_per_second=0.7978
step=9120 loss=0.004457 lr=0.00000210 steps_per_second=0.7978
step=9130 loss=0.004196 lr=0.00000206 steps_per_second=0.7980
step=9140 loss=0.004401 lr=0.00000201 steps_per_second=0.7980
step=9150 loss=0.005656 lr=0.00000196 steps_per_second=0.7981
step=9160 loss=0.003463 lr=0.00000192 steps_per_second=0.7983
step=9170 loss=0.003839 lr=0.00000187 steps_per_second=0.7985
step=9180 loss=0.003889 lr=0.00000183 steps_per_second=0.7987
step=9190 loss=0.005602 lr=0.00000178 steps_per_second=0.7988
step=9200 loss=0.003870 lr=0.00000174 steps_per_second=0.7990
step=9210 loss=0.004821 lr=0.00000170 steps_per_second=0.7992
step=9220 loss=0.004403 lr=0.00000165 steps_per_second=0.7994
step=9230 loss=0.005598 lr=0.00000161 steps_per_second=0.7995
step=9240 loss=0.004575 lr=0.00000157 steps_per_second=0.7997
step=9250 loss=0.004519 lr=0.00000153 steps_per_second=0.7999
step=9260 loss=0.003740 lr=0.00000149 steps_per_second=0.8000
step=9270 loss=0.004186 lr=0.00000145 steps_per_second=0.8002
step=9280 loss=0.004510 lr=0.00000141 steps_per_second=0.8004
step=9290 loss=0.006174 lr=0.00000137 steps_per_second=0.8006
step=9300 loss=0.004627 lr=0.00000133 steps_per_second=0.8007
step=9310 loss=0.004549 lr=0.00000130 steps_per_second=0.8009
step=9320 loss=0.004729 lr=0.00000126 steps_per_second=0.8010
step=9330 loss=0.003948 lr=0.00000122 steps_per_second=0.8012
step=9340 loss=0.003995 lr=0.00000119 steps_per_second=0.8010
step=9350 loss=0.003716 lr=0.00000115 steps_per_second=0.8000
step=9360 loss=0.006153 lr=0.00000112 steps_per_second=0.8002
step=9370 loss=0.004435 lr=0.00000108 steps_per_second=0.8003
step=9380 loss=0.003607 lr=0.00000105 steps_per_second=0.8005
step=9390 loss=0.004212 lr=0.00000101 steps_per_second=0.8007
step=9400 loss=0.005111 lr=0.00000098 steps_per_second=0.8009
step=9410 loss=0.004379 lr=0.00000095 steps_per_second=0.8011
step=9420 loss=0.004895 lr=0.00000092 steps_per_second=0.8013
step=9430 loss=0.003923 lr=0.00000089 steps_per_second=0.8012
step=9440 loss=0.005666 lr=0.00000085 steps_per_second=0.8013
step=9450 loss=0.005474 lr=0.00000082 steps_per_second=0.8015
step=9460 loss=0.005757 lr=0.00000080 steps_per_second=0.8017
step=9470 loss=0.004389 lr=0.00000077 steps_per_second=0.8019
step=9480 loss=0.005777 lr=0.00000074 steps_per_second=0.8021
step=9490 loss=0.004802 lr=0.00000071 steps_per_second=0.8021
step=9500 loss=0.005084 lr=0.00000068 steps_per_second=0.8023
step=9510 loss=0.003399 lr=0.00000065 steps_per_second=0.8025
step=9520 loss=0.004600 lr=0.00000063 steps_per_second=0.8027
step=9530 loss=0.004247 lr=0.00000060 steps_per_second=0.8029
step=9540 loss=0.004430 lr=0.00000058 steps_per_second=0.8030
step=9550 loss=0.004832 lr=0.00000055 steps_per_second=0.8032
step=9560 loss=0.003842 lr=0.00000053 steps_per_second=0.8034
step=9570 loss=0.003800 lr=0.00000050 steps_per_second=0.8036
step=9580 loss=0.004898 lr=0.00000048 steps_per_second=0.8036
step=9590 loss=0.004708 lr=0.00000046 steps_per_second=0.8038
step=9600 loss=0.004280 lr=0.00000044 steps_per_second=0.8040
step=9610 loss=0.005708 lr=0.00000042 steps_per_second=0.8042
step=9620 loss=0.004501 lr=0.00000039 steps_per_second=0.8044
step=9630 loss=0.003755 lr=0.00000037 steps_per_second=0.8046
step=9640 loss=0.005852 lr=0.00000035 steps_per_second=0.8047
step=9650 loss=0.003677 lr=0.00000033 steps_per_second=0.8049
step=9660 loss=0.004803 lr=0.00000032 steps_per_second=0.8051
step=9670 loss=0.004443 lr=0.00000030 steps_per_second=0.8053
step=9680 loss=0.004305 lr=0.00000028 steps_per_second=0.8054
step=9690 loss=0.003709 lr=0.00000026 steps_per_second=0.8055
step=9700 loss=0.004055 lr=0.00000025 steps_per_second=0.8057
step=9710 loss=0.006503 lr=0.00000023 steps_per_second=0.8059
step=9720 loss=0.004423 lr=0.00000021 steps_per_second=0.8061
step=9730 loss=0.004066 lr=0.00000020 steps_per_second=0.8063
step=9740 loss=0.004056 lr=0.00000018 steps_per_second=0.8061
step=9750 loss=0.003802 lr=0.00000017 steps_per_second=0.8063
step=9760 loss=0.004829 lr=0.00000016 steps_per_second=0.8064
step=9770 loss=0.004302 lr=0.00000014 steps_per_second=0.8065
step=9780 loss=0.003739 lr=0.00000013 steps_per_second=0.8067
step=9790 loss=0.004136 lr=0.00000012 steps_per_second=0.8069
step=9800 loss=0.004720 lr=0.00000011 steps_per_second=0.8071
step=9810 loss=0.005123 lr=0.00000010 steps_per_second=0.8073
step=9820 loss=0.004257 lr=0.00000009 steps_per_second=0.8074
step=9830 loss=0.004663 lr=0.00000008 steps_per_second=0.8075
step=9840 loss=0.004318 lr=0.00000007 steps_per_second=0.8077
step=9850 loss=0.003272 lr=0.00000006 steps_per_second=0.8079
step=9860 loss=0.004798 lr=0.00000005 steps_per_second=0.8081
step=9870 loss=0.004076 lr=0.00000005 steps_per_second=0.8083
step=9880 loss=0.005696 lr=0.00000004 steps_per_second=0.8084
step=9890 loss=0.003982 lr=0.00000003 steps_per_second=0.8086
step=9900 loss=0.004337 lr=0.00000003 steps_per_second=0.8088
step=9910 loss=0.004176 lr=0.00000002 steps_per_second=0.8090
step=9920 loss=0.004286 lr=0.00000002 steps_per_second=0.8092
step=9930 loss=0.005284 lr=0.00000001 steps_per_second=0.8093
step=9940 loss=0.004754 lr=0.00000001 steps_per_second=0.8094
step=9950 loss=0.005404 lr=0.00000001 steps_per_second=0.8096
step=9960 loss=0.004085 lr=0.00000000 steps_per_second=0.8098
step=9970 loss=0.004221 lr=0.00000000 steps_per_second=0.8100
step=9980 loss=0.003712 lr=0.00000000 steps_per_second=0.8102
step=9990 loss=0.005483 lr=0.00000000 steps_per_second=0.8104
step=10000 loss=0.004539 lr=0.00000000 steps_per_second=0.8100
Copying results to home: /mnt/beegfs-compat/jliu/Thesis_runs/ddpm_scratch_10000step_bs8_dataDrivenDiag_precomputed -> /home/jliu/Thesis/results_hpc/ddpm_scratch_10000step_bs8_dataDrivenDiag_precomputed
===== Finished =====
Sat May 16 04:38:50 AM UTC 2026
